21:38:31 **** Incremental Build of configuration Debug for project Practica_0 ****
make -j2 all 
arm-none-eabi-size   Practica_0.elf 
   text	   data	    bss	    dec	    hex	filename
   6708	     36	   1572	   8316	   207c	Practica_0.elf
Finished building: default.size.stdout
 
21:38:47 **** Incremental Build of configuration Debug for project Practica_0 ****
make -j2 all 
arm-none-eabi-size   Practica_0.elf 
   text	   data	    bss	    dec	    hex	filename
   6708	     36	   1572	   8316	   207c	Practica_0.elf
Finished building: default.size.stdout
 
21:47:31 **** Incremental Build of configuration Debug for project Ej0_blinky ****
make -j2 all 
arm-none-eabi-size   Ej0_blinky.elf 
   text	   data	    bss	    dec	    hex	filename
   6228	     32	   1568	   7828	   1e94	Ej0_blinky.elf
Finished building: default.size.stdout
 
21:47:33 **** Incremental Build of configuration Debug for project Ej1_pushButton ****
make -j2 all 
arm-none-eabi-size   Ej1_pushButton.elf 
   text	   data	    bss	    dec	    hex	filename
   6556	     36	   1572	   8164	   1fe4	Ej1_pushButton.elf
Finished building: default.size.stdout
 
21:47:34 **** Incremental Build of configuration Debug for project Ejercicio_delayNB_1 ****
make -j2 all 
arm-none-eabi-size   Ejercicio_delayNB_1.elf 
   text	   data	    bss	    dec	    hex	filename
   6316	     32	   1568	   7916	   1eec	Ejercicio_delayNB_1.elf
Finished building: default.size.stdout
 
21:47:35 **** Incremental Build of configuration Debug for project Practica_0 ****
make -j2 all 
arm-none-eabi-gcc "../Src/main.c" -mcpu=cortex-m4 -std=gnu11 -g3 -DDEBUG -DSTM32 -DSTM32F429ZITx -DSTM32F4 -DNUCLEO_F429ZI -DUSE_HAL_DRIVER -DSTM32F429xx -c -I../Inc -I"/home/emiliano/Embebidos/PdM_workspace/Practica_0/Drivers/STM32F4xx_HAL_Driver/Inc" -I"/home/emiliano/Embebidos/PdM_workspace/Practica_0/Drivers/CMSIS/Include" -I"/home/emiliano/Embebidos/PdM_workspace/Practica_0/Drivers/CMSIS/Device/ST/STM32F4xx/Include" -I"/home/emiliano/Embebidos/PdM_workspace/Practica_0/Drivers/BSP/STM32F4xx_Nucleo_144" -I"/home/emiliano/Embebidos/PdM_workspace/Practica_0/Drivers/Core/Inc" -O0 -ffunction-sections -fdata-sections -Wall -fstack-usage -MMD -MP -MF"Src/main.d" -MT"Src/main.o" --specs=nano.specs -mfpu=fpv4-sp-d16 -mfloat-abi=hard -mthumb -o "Src/main.o"
arm-none-eabi-gcc -o "Practica_0.elf" @"objects.list"   -mcpu=cortex-m4 -T"/home/emiliano/Embebidos/PdM_workspace/Practica_0/STM32F429ZITX_FLASH.ld" --specs=nosys.specs -Wl,-Map="Practica_0.map" -Wl,--gc-sections -static --specs=nano.specs -mfpu=fpv4-sp-d16 -mfloat-abi=hard -mthumb -Wl,--start-group -lc -lm -Wl,--end-group
Finished building target: Practica_0.elf
 
arm-none-eabi-size   Practica_0.elf 
arm-none-eabi-objdump -h -S  Practica_0.elf  > "Practica_0.list"
   text	   data	    bss	    dec	    hex	filename
   6708	     36	   1572	   8316	   207c	Practica_0.elf
Finished building: default.size.stdout
 
arm-none-eabi-objcopy  -O binary  Practica_0.elf  "Practica_0.bin"
Finished building: Practica_0.bin
 
Finished building: Practica_0.list
 
21:49:04 **** Incremental Build of configuration Debug for project Practica_0 ****
make -j2 all 
arm-none-eabi-size   Practica_0.elf 
   text	   data	    bss	    dec	    hex	filename
   6708	     36	   1572	   8316	   207c	Practica_0.elf
Finished building: default.size.stdout
 
23:25:14 **** Build of configuration Debug for project Ej0_blinky ****
make -j2 all 
arm-none-eabi-size   Ej0_blinky.elf 
   text	   data	    bss	    dec	    hex	filename
   6228	     32	   1568	   7828	   1e94	Ej0_blinky.elf
Finished building: default.size.stdout
 
23:25:16 **** Build of configuration Debug for project Ej1_pushButton ****
make -j2 all 
arm-none-eabi-size   Ej1_pushButton.elf 
   text	   data	    bss	    dec	    hex	filename
   6556	     36	   1572	   8164	   1fe4	Ej1_pushButton.elf
Finished building: default.size.stdout
 
23:25:17 **** Build of configuration Debug for project Ejercicio_delayNB_1 ****
make -j2 all 
arm-none-eabi-size   Ejercicio_delayNB_1.elf 
   text	   data	    bss	    dec	    hex	filename
   6316	     32	   1568	   7916	   1eec	Ejercicio_delayNB_1.elf
Finished building: default.size.stdout
 
23:25:18 **** Build of configuration Debug for project Practica_0 ****
make -j2 all 
arm-none-eabi-size   Practica_0.elf 
   text	   data	    bss	    dec	    hex	filename
   6708	     36	   1572	   8316	   207c	Practica_0.elf
Finished building: default.size.stdout
 
23:25:19 **** Build of configuration Debug for project Practica_0_v2 ****
make -j2 all 
arm-none-eabi-gcc -mcpu=cortex-m4 -g3 -DDEBUG -c -I"/home/emiliano/Embebidos/PdM_workspace/Practica_0_v2/Drivers/STM32F4xx_HAL_Driver/Inc" -I"/home/emiliano/Embebidos/PdM_workspace/Practica_0_v2/Drivers/CMSIS/Include" -I"/home/emiliano/Embebidos/PdM_workspace/Practica_0_v2/Drivers/CMSIS/Device/ST/STM32F4xx/Include" -I"/home/emiliano/Embebidos/PdM_workspace/Practica_0_v2/Drivers/BSP/STM32F4xx_Nucleo_144" -I"/home/emiliano/Embebidos/PdM_workspace/Practica_0_v2/Inc" -I"/home/emiliano/Embebidos/PdM_workspace/Practica_0_v2/Drivers/Core/Inc" -x assembler-with-cpp -MMD -MP -MF"Startup/startup_stm32f429xx.d" -MT"Startup/startup_stm32f429xx.o" --specs=nano.specs -mfpu=fpv4-sp-d16 -mfloat-abi=hard -mthumb -o "Startup/startup_stm32f429xx.o" "../Startup/startup_stm32f429xx.s"
arm-none-eabi-gcc "../Src/main.c" -mcpu=cortex-m4 -std=gnu11 -g3 -DDEBUG -DSTM32 -DSTM32F429ZITx -DSTM32F4 -DNUCLEO_F429ZI -DUSE_HAL_DRIVER -DSTM32F429xx -c -I../Inc -I"/home/emiliano/Embebidos/PdM_workspace/Practica_0_v2/Drivers/STM32F4xx_HAL_Driver/Inc" -I"/home/emiliano/Embebidos/PdM_workspace/Practica_0_v2/Drivers/CMSIS/Include" -I"/home/emiliano/Embebidos/PdM_workspace/Practica_0_v2/Drivers/CMSIS/Device/ST/STM32F4xx/Include" -I"/home/emiliano/Embebidos/PdM_workspace/Practica_0_v2/Drivers/BSP/STM32F4xx_Nucleo_144" -I"/home/emiliano/Embebidos/PdM_workspace/Practica_0_v2/Drivers/Core/Inc" -O0 -ffunction-sections -fdata-sections -Wall -fstack-usage -MMD -MP -MF"Src/main.d" -MT"Src/main.o" --specs=nano.specs -mfpu=fpv4-sp-d16 -mfloat-abi=hard -mthumb -o "Src/main.o"
arm-none-eabi-gcc "../Drivers/STM32F4xx_HAL_Driver/Src/Legacy/stm32f4xx_hal_can.c" -mcpu=cortex-m4 -std=gnu11 -g3 -DDEBUG -DSTM32 -DSTM32F429ZITx -DSTM32F4 -DNUCLEO_F429ZI -DUSE_HAL_DRIVER -DSTM32F429xx -c -I../Inc -I"/home/emiliano/Embebidos/PdM_workspace/Practica_0_v2/Drivers/STM32F4xx_HAL_Driver/Inc" -I"/home/emiliano/Embebidos/PdM_workspace/Practica_0_v2/Drivers/CMSIS/Include" -I"/home/emiliano/Embebidos/PdM_workspace/Practica_0_v2/Drivers/CMSIS/Device/ST/STM32F4xx/Include" -I"/home/emiliano/Embebidos/PdM_workspace/Practica_0_v2/Drivers/BSP/STM32F4xx_Nucleo_144" -I"/home/emiliano/Embebidos/PdM_workspace/Practica_0_v2/Drivers/Core/Inc" -O0 -ffunction-sections -fdata-sections -Wall -fstack-usage -MMD -MP -MF"Drivers/STM32F4xx_HAL_Driver/Src/Legacy/stm32f4xx_hal_can.d" -MT"Drivers/STM32F4xx_HAL_Driver/Src/Legacy/stm32f4xx_hal_can.o" --specs=nano.specs -mfpu=fpv4-sp-d16 -mfloat-abi=hard -mthumb -o "Drivers/STM32F4xx_HAL_Driver/Src/Legacy/stm32f4xx_hal_can.o"
arm-none-eabi-gcc "../Drivers/STM32F4xx_HAL_Driver/Src/stm32f4xx_hal.c" -mcpu=cortex-m4 -std=gnu11 -g3 -DDEBUG -DSTM32 -DSTM32F429ZITx -DSTM32F4 -DNUCLEO_F429ZI -DUSE_HAL_DRIVER -DSTM32F429xx -c -I../Inc -I"/home/emiliano/Embebidos/PdM_workspace/Practica_0_v2/Drivers/STM32F4xx_HAL_Driver/Inc" -I"/home/emiliano/Embebidos/PdM_workspace/Practica_0_v2/Drivers/CMSIS/Include" -I"/home/emiliano/Embebidos/PdM_workspace/Practica_0_v2/Drivers/CMSIS/Device/ST/STM32F4xx/Include" -I"/home/emiliano/Embebidos/PdM_workspace/Practica_0_v2/Drivers/BSP/STM32F4xx_Nucleo_144" -I"/home/emiliano/Embebidos/PdM_workspace/Practica_0_v2/Drivers/Core/Inc" -O0 -ffunction-sections -fdata-sections -Wall -fstack-usage -MMD -MP -MF"Drivers/STM32F4xx_HAL_Driver/Src/stm32f4xx_hal.d" -MT"Drivers/STM32F4xx_HAL_Driver/Src/stm32f4xx_hal.o" --specs=nano.specs -mfpu=fpv4-sp-d16 -mfloat-abi=hard -mthumb -o "Drivers/STM32F4xx_HAL_Driver/Src/stm32f4xx_hal.o"
arm-none-eabi-gcc "../Drivers/STM32F4xx_HAL_Driver/Src/stm32f4xx_hal_adc.c" -mcpu=cortex-m4 -std=gnu11 -g3 -DDEBUG -DSTM32 -DSTM32F429ZITx -DSTM32F4 -DNUCLEO_F429ZI -DUSE_HAL_DRIVER -DSTM32F429xx -c -I../Inc -I"/home/emiliano/Embebidos/PdM_workspace/Practica_0_v2/Drivers/STM32F4xx_HAL_Driver/Inc" -I"/home/emiliano/Embebidos/PdM_workspace/Practica_0_v2/Drivers/CMSIS/Include" -I"/home/emiliano/Embebidos/PdM_workspace/Practica_0_v2/Drivers/CMSIS/Device/ST/STM32F4xx/Include" -I"/home/emiliano/Embebidos/PdM_workspace/Practica_0_v2/Drivers/BSP/STM32F4xx_Nucleo_144" -I"/home/emiliano/Embebidos/PdM_workspace/Practica_0_v2/Drivers/Core/Inc" -O0 -ffunction-sections -fdata-sections -Wall -fstack-usage -MMD -MP -MF"Drivers/STM32F4xx_HAL_Driver/Src/stm32f4xx_hal_adc.d" -MT"Drivers/STM32F4xx_HAL_Driver/Src/stm32f4xx_hal_adc.o" --specs=nano.specs -mfpu=fpv4-sp-d16 -mfloat-abi=hard -mthumb -o "Drivers/STM32F4xx_HAL_Driver/Src/stm32f4xx_hal_adc.o"
arm-none-eabi-gcc "../Drivers/STM32F4xx_HAL_Driver/Src/stm32f4xx_hal_adc_ex.c" -mcpu=cortex-m4 -std=gnu11 -g3 -DDEBUG -DSTM32 -DSTM32F429ZITx -DSTM32F4 -DNUCLEO_F429ZI -DUSE_HAL_DRIVER -DSTM32F429xx -c -I../Inc -I"/home/emiliano/Embebidos/PdM_workspace/Practica_0_v2/Drivers/STM32F4xx_HAL_Driver/Inc" -I"/home/emiliano/Embebidos/PdM_workspace/Practica_0_v2/Drivers/CMSIS/Include" -I"/home/emiliano/Embebidos/PdM_workspace/Practica_0_v2/Drivers/CMSIS/Device/ST/STM32F4xx/Include" -I"/home/emiliano/Embebidos/PdM_workspace/Practica_0_v2/Drivers/BSP/STM32F4xx_Nucleo_144" -I"/home/emiliano/Embebidos/PdM_workspace/Practica_0_v2/Drivers/Core/Inc" -O0 -ffunction-sections -fdata-sections -Wall -fstack-usage -MMD -MP -MF"Drivers/STM32F4xx_HAL_Driver/Src/stm32f4xx_hal_adc_ex.d" -MT"Drivers/STM32F4xx_HAL_Driver/Src/stm32f4xx_hal_adc_ex.o" --specs=nano.specs -mfpu=fpv4-sp-d16 -mfloat-abi=hard -mthumb -o "Drivers/STM32F4xx_HAL_Driver/Src/stm32f4xx_hal_adc_ex.o"
arm-none-eabi-gcc "../Drivers/STM32F4xx_HAL_Driver/Src/stm32f4xx_hal_can.c" -mcpu=cortex-m4 -std=gnu11 -g3 -DDEBUG -DSTM32 -DSTM32F429ZITx -DSTM32F4 -DNUCLEO_F429ZI -DUSE_HAL_DRIVER -DSTM32F429xx -c -I../Inc -I"/home/emiliano/Embebidos/PdM_workspace/Practica_0_v2/Drivers/STM32F4xx_HAL_Driver/Inc" -I"/home/emiliano/Embebidos/PdM_workspace/Practica_0_v2/Drivers/CMSIS/Include" -I"/home/emiliano/Embebidos/PdM_workspace/Practica_0_v2/Drivers/CMSIS/Device/ST/STM32F4xx/Include" -I"/home/emiliano/Embebidos/PdM_workspace/Practica_0_v2/Drivers/BSP/STM32F4xx_Nucleo_144" -I"/home/emiliano/Embebidos/PdM_workspace/Practica_0_v2/Drivers/Core/Inc" -O0 -ffunction-sections -fdata-sections -Wall -fstack-usage -MMD -MP -MF"Drivers/STM32F4xx_HAL_Driver/Src/stm32f4xx_hal_can.d" -MT"Drivers/STM32F4xx_HAL_Driver/Src/stm32f4xx_hal_can.o" --specs=nano.specs -mfpu=fpv4-sp-d16 -mfloat-abi=hard -mthumb -o "Drivers/STM32F4xx_HAL_Driver/Src/stm32f4xx_hal_can.o"
arm-none-eabi-gcc "../Drivers/STM32F4xx_HAL_Driver/Src/stm32f4xx_hal_cec.c" -mcpu=cortex-m4 -std=gnu11 -g3 -DDEBUG -DSTM32 -DSTM32F429ZITx -DSTM32F4 -DNUCLEO_F429ZI -DUSE_HAL_DRIVER -DSTM32F429xx -c -I../Inc -I"/home/emiliano/Embebidos/PdM_workspace/Practica_0_v2/Drivers/STM32F4xx_HAL_Driver/Inc" -I"/home/emiliano/Embebidos/PdM_workspace/Practica_0_v2/Drivers/CMSIS/Include" -I"/home/emiliano/Embebidos/PdM_workspace/Practica_0_v2/Drivers/CMSIS/Device/ST/STM32F4xx/Include" -I"/home/emiliano/Embebidos/PdM_workspace/Practica_0_v2/Drivers/BSP/STM32F4xx_Nucleo_144" -I"/home/emiliano/Embebidos/PdM_workspace/Practica_0_v2/Drivers/Core/Inc" -O0 -ffunction-sections -fdata-sections -Wall -fstack-usage -MMD -MP -MF"Drivers/STM32F4xx_HAL_Driver/Src/stm32f4xx_hal_cec.d" -MT"Drivers/STM32F4xx_HAL_Driver/Src/stm32f4xx_hal_cec.o" --specs=nano.specs -mfpu=fpv4-sp-d16 -mfloat-abi=hard -mthumb -o "Drivers/STM32F4xx_HAL_Driver/Src/stm32f4xx_hal_cec.o"
arm-none-eabi-gcc "../Drivers/STM32F4xx_HAL_Driver/Src/stm32f4xx_hal_cortex.c" -mcpu=cortex-m4 -std=gnu11 -g3 -DDEBUG -DSTM32 -DSTM32F429ZITx -DSTM32F4 -DNUCLEO_F429ZI -DUSE_HAL_DRIVER -DSTM32F429xx -c -I../Inc -I"/home/emiliano/Embebidos/PdM_workspace/Practica_0_v2/Drivers/STM32F4xx_HAL_Driver/Inc" -I"/home/emiliano/Embebidos/PdM_workspace/Practica_0_v2/Drivers/CMSIS/Include" -I"/home/emiliano/Embebidos/PdM_workspace/Practica_0_v2/Drivers/CMSIS/Device/ST/STM32F4xx/Include" -I"/home/emiliano/Embebidos/PdM_workspace/Practica_0_v2/Drivers/BSP/STM32F4xx_Nucleo_144" -I"/home/emiliano/Embebidos/PdM_workspace/Practica_0_v2/Drivers/Core/Inc" -O0 -ffunction-sections -fdata-sections -Wall -fstack-usage -MMD -MP -MF"Drivers/STM32F4xx_HAL_Driver/Src/stm32f4xx_hal_cortex.d" -MT"Drivers/STM32F4xx_HAL_Driver/Src/stm32f4xx_hal_cortex.o" --specs=nano.specs -mfpu=fpv4-sp-d16 -mfloat-abi=hard -mthumb -o "Drivers/STM32F4xx_HAL_Driver/Src/stm32f4xx_hal_cortex.o"
arm-none-eabi-gcc "../Drivers/STM32F4xx_HAL_Driver/Src/stm32f4xx_hal_crc.c" -mcpu=cortex-m4 -std=gnu11 -g3 -DDEBUG -DSTM32 -DSTM32F429ZITx -DSTM32F4 -DNUCLEO_F429ZI -DUSE_HAL_DRIVER -DSTM32F429xx -c -I../Inc -I"/home/emiliano/Embebidos/PdM_workspace/Practica_0_v2/Drivers/STM32F4xx_HAL_Driver/Inc" -I"/home/emiliano/Embebidos/PdM_workspace/Practica_0_v2/Drivers/CMSIS/Include" -I"/home/emiliano/Embebidos/PdM_workspace/Practica_0_v2/Drivers/CMSIS/Device/ST/STM32F4xx/Include" -I"/home/emiliano/Embebidos/PdM_workspace/Practica_0_v2/Drivers/BSP/STM32F4xx_Nucleo_144" -I"/home/emiliano/Embebidos/PdM_workspace/Practica_0_v2/Drivers/Core/Inc" -O0 -ffunction-sections -fdata-sections -Wall -fstack-usage -MMD -MP -MF"Drivers/STM32F4xx_HAL_Driver/Src/stm32f4xx_hal_crc.d" -MT"Drivers/STM32F4xx_HAL_Driver/Src/stm32f4xx_hal_crc.o" --specs=nano.specs -mfpu=fpv4-sp-d16 -mfloat-abi=hard -mthumb -o "Drivers/STM32F4xx_HAL_Driver/Src/stm32f4xx_hal_crc.o"
arm-none-eabi-gcc "../Drivers/STM32F4xx_HAL_Driver/Src/stm32f4xx_hal_cryp.c" -mcpu=cortex-m4 -std=gnu11 -g3 -DDEBUG -DSTM32 -DSTM32F429ZITx -DSTM32F4 -DNUCLEO_F429ZI -DUSE_HAL_DRIVER -DSTM32F429xx -c -I../Inc -I"/home/emiliano/Embebidos/PdM_workspace/Practica_0_v2/Drivers/STM32F4xx_HAL_Driver/Inc" -I"/home/emiliano/Embebidos/PdM_workspace/Practica_0_v2/Drivers/CMSIS/Include" -I"/home/emiliano/Embebidos/PdM_workspace/Practica_0_v2/Drivers/CMSIS/Device/ST/STM32F4xx/Include" -I"/home/emiliano/Embebidos/PdM_workspace/Practica_0_v2/Drivers/BSP/STM32F4xx_Nucleo_144" -I"/home/emiliano/Embebidos/PdM_workspace/Practica_0_v2/Drivers/Core/Inc" -O0 -ffunction-sections -fdata-sections -Wall -fstack-usage -MMD -MP -MF"Drivers/STM32F4xx_HAL_Driver/Src/stm32f4xx_hal_cryp.d" -MT"Drivers/STM32F4xx_HAL_Driver/Src/stm32f4xx_hal_cryp.o" --specs=nano.specs -mfpu=fpv4-sp-d16 -mfloat-abi=hard -mthumb -o "Drivers/STM32F4xx_HAL_Driver/Src/stm32f4xx_hal_cryp.o"
arm-none-eabi-gcc "../Drivers/STM32F4xx_HAL_Driver/Src/stm32f4xx_hal_cryp_ex.c" -mcpu=cortex-m4 -std=gnu11 -g3 -DDEBUG -DSTM32 -DSTM32F429ZITx -DSTM32F4 -DNUCLEO_F429ZI -DUSE_HAL_DRIVER -DSTM32F429xx -c -I../Inc -I"/home/emiliano/Embebidos/PdM_workspace/Practica_0_v2/Drivers/STM32F4xx_HAL_Driver/Inc" -I"/home/emiliano/Embebidos/PdM_workspace/Practica_0_v2/Drivers/CMSIS/Include" -I"/home/emiliano/Embebidos/PdM_workspace/Practica_0_v2/Drivers/CMSIS/Device/ST/STM32F4xx/Include" -I"/home/emiliano/Embebidos/PdM_workspace/Practica_0_v2/Drivers/BSP/STM32F4xx_Nucleo_144" -I"/home/emiliano/Embebidos/PdM_workspace/Practica_0_v2/Drivers/Core/Inc" -O0 -ffunction-sections -fdata-sections -Wall -fstack-usage -MMD -MP -MF"Drivers/STM32F4xx_HAL_Driver/Src/stm32f4xx_hal_cryp_ex.d" -MT"Drivers/STM32F4xx_HAL_Driver/Src/stm32f4xx_hal_cryp_ex.o" --specs=nano.specs -mfpu=fpv4-sp-d16 -mfloat-abi=hard -mthumb -o "Drivers/STM32F4xx_HAL_Driver/Src/stm32f4xx_hal_cryp_ex.o"
arm-none-eabi-gcc "../Drivers/STM32F4xx_HAL_Driver/Src/stm32f4xx_hal_dac.c" -mcpu=cortex-m4 -std=gnu11 -g3 -DDEBUG -DSTM32 -DSTM32F429ZITx -DSTM32F4 -DNUCLEO_F429ZI -DUSE_HAL_DRIVER -DSTM32F429xx -c -I../Inc -I"/home/emiliano/Embebidos/PdM_workspace/Practica_0_v2/Drivers/STM32F4xx_HAL_Driver/Inc" -I"/home/emiliano/Embebidos/PdM_workspace/Practica_0_v2/Drivers/CMSIS/Include" -I"/home/emiliano/Embebidos/PdM_workspace/Practica_0_v2/Drivers/CMSIS/Device/ST/STM32F4xx/Include" -I"/home/emiliano/Embebidos/PdM_workspace/Practica_0_v2/Drivers/BSP/STM32F4xx_Nucleo_144" -I"/home/emiliano/Embebidos/PdM_workspace/Practica_0_v2/Drivers/Core/Inc" -O0 -ffunction-sections -fdata-sections -Wall -fstack-usage -MMD -MP -MF"Drivers/STM32F4xx_HAL_Driver/Src/stm32f4xx_hal_dac.d" -MT"Drivers/STM32F4xx_HAL_Driver/Src/stm32f4xx_hal_dac.o" --specs=nano.specs -mfpu=fpv4-sp-d16 -mfloat-abi=hard -mthumb -o "Drivers/STM32F4xx_HAL_Driver/Src/stm32f4xx_hal_dac.o"
arm-none-eabi-gcc "../Drivers/STM32F4xx_HAL_Driver/Src/stm32f4xx_hal_dac_ex.c" -mcpu=cortex-m4 -std=gnu11 -g3 -DDEBUG -DSTM32 -DSTM32F429ZITx -DSTM32F4 -DNUCLEO_F429ZI -DUSE_HAL_DRIVER -DSTM32F429xx -c -I../Inc -I"/home/emiliano/Embebidos/PdM_workspace/Practica_0_v2/Drivers/STM32F4xx_HAL_Driver/Inc" -I"/home/emiliano/Embebidos/PdM_workspace/Practica_0_v2/Drivers/CMSIS/Include" -I"/home/emiliano/Embebidos/PdM_workspace/Practica_0_v2/Drivers/CMSIS/Device/ST/STM32F4xx/Include" -I"/home/emiliano/Embebidos/PdM_workspace/Practica_0_v2/Drivers/BSP/STM32F4xx_Nucleo_144" -I"/home/emiliano/Embebidos/PdM_workspace/Practica_0_v2/Drivers/Core/Inc" -O0 -ffunction-sections -fdata-sections -Wall -fstack-usage -MMD -MP -MF"Drivers/STM32F4xx_HAL_Driver/Src/stm32f4xx_hal_dac_ex.d" -MT"Drivers/STM32F4xx_HAL_Driver/Src/stm32f4xx_hal_dac_ex.o" --specs=nano.specs -mfpu=fpv4-sp-d16 -mfloat-abi=hard -mthumb -o "Drivers/STM32F4xx_HAL_Driver/Src/stm32f4xx_hal_dac_ex.o"
arm-none-eabi-gcc "../Drivers/STM32F4xx_HAL_Driver/Src/stm32f4xx_hal_dcmi.c" -mcpu=cortex-m4 -std=gnu11 -g3 -DDEBUG -DSTM32 -DSTM32F429ZITx -DSTM32F4 -DNUCLEO_F429ZI -DUSE_HAL_DRIVER -DSTM32F429xx -c -I../Inc -I"/home/emiliano/Embebidos/PdM_workspace/Practica_0_v2/Drivers/STM32F4xx_HAL_Driver/Inc" -I"/home/emiliano/Embebidos/PdM_workspace/Practica_0_v2/Drivers/CMSIS/Include" -I"/home/emiliano/Embebidos/PdM_workspace/Practica_0_v2/Drivers/CMSIS/Device/ST/STM32F4xx/Include" -I"/home/emiliano/Embebidos/PdM_workspace/Practica_0_v2/Drivers/BSP/STM32F4xx_Nucleo_144" -I"/home/emiliano/Embebidos/PdM_workspace/Practica_0_v2/Drivers/Core/Inc" -O0 -ffunction-sections -fdata-sections -Wall -fstack-usage -MMD -MP -MF"Drivers/STM32F4xx_HAL_Driver/Src/stm32f4xx_hal_dcmi.d" -MT"Drivers/STM32F4xx_HAL_Driver/Src/stm32f4xx_hal_dcmi.o" --specs=nano.specs -mfpu=fpv4-sp-d16 -mfloat-abi=hard -mthumb -o "Drivers/STM32F4xx_HAL_Driver/Src/stm32f4xx_hal_dcmi.o"
arm-none-eabi-gcc "../Drivers/STM32F4xx_HAL_Driver/Src/stm32f4xx_hal_dcmi_ex.c" -mcpu=cortex-m4 -std=gnu11 -g3 -DDEBUG -DSTM32 -DSTM32F429ZITx -DSTM32F4 -DNUCLEO_F429ZI -DUSE_HAL_DRIVER -DSTM32F429xx -c -I../Inc -I"/home/emiliano/Embebidos/PdM_workspace/Practica_0_v2/Drivers/STM32F4xx_HAL_Driver/Inc" -I"/home/emiliano/Embebidos/PdM_workspace/Practica_0_v2/Drivers/CMSIS/Include" -I"/home/emiliano/Embebidos/PdM_workspace/Practica_0_v2/Drivers/CMSIS/Device/ST/STM32F4xx/Include" -I"/home/emiliano/Embebidos/PdM_workspace/Practica_0_v2/Drivers/BSP/STM32F4xx_Nucleo_144" -I"/home/emiliano/Embebidos/PdM_workspace/Practica_0_v2/Drivers/Core/Inc" -O0 -ffunction-sections -fdata-sections -Wall -fstack-usage -MMD -MP -MF"Drivers/STM32F4xx_HAL_Driver/Src/stm32f4xx_hal_dcmi_ex.d" -MT"Drivers/STM32F4xx_HAL_Driver/Src/stm32f4xx_hal_dcmi_ex.o" --specs=nano.specs -mfpu=fpv4-sp-d16 -mfloat-abi=hard -mthumb -o "Drivers/STM32F4xx_HAL_Driver/Src/stm32f4xx_hal_dcmi_ex.o"
arm-none-eabi-gcc "../Drivers/STM32F4xx_HAL_Driver/Src/stm32f4xx_hal_dfsdm.c" -mcpu=cortex-m4 -std=gnu11 -g3 -DDEBUG -DSTM32 -DSTM32F429ZITx -DSTM32F4 -DNUCLEO_F429ZI -DUSE_HAL_DRIVER -DSTM32F429xx -c -I../Inc -I"/home/emiliano/Embebidos/PdM_workspace/Practica_0_v2/Drivers/STM32F4xx_HAL_Driver/Inc" -I"/home/emiliano/Embebidos/PdM_workspace/Practica_0_v2/Drivers/CMSIS/Include" -I"/home/emiliano/Embebidos/PdM_workspace/Practica_0_v2/Drivers/CMSIS/Device/ST/STM32F4xx/Include" -I"/home/emiliano/Embebidos/PdM_workspace/Practica_0_v2/Drivers/BSP/STM32F4xx_Nucleo_144" -I"/home/emiliano/Embebidos/PdM_workspace/Practica_0_v2/Drivers/Core/Inc" -O0 -ffunction-sections -fdata-sections -Wall -fstack-usage -MMD -MP -MF"Drivers/STM32F4xx_HAL_Driver/Src/stm32f4xx_hal_dfsdm.d" -MT"Drivers/STM32F4xx_HAL_Driver/Src/stm32f4xx_hal_dfsdm.o" --specs=nano.specs -mfpu=fpv4-sp-d16 -mfloat-abi=hard -mthumb -o "Drivers/STM32F4xx_HAL_Driver/Src/stm32f4xx_hal_dfsdm.o"
arm-none-eabi-gcc "../Drivers/STM32F4xx_HAL_Driver/Src/stm32f4xx_hal_dma.c" -mcpu=cortex-m4 -std=gnu11 -g3 -DDEBUG -DSTM32 -DSTM32F429ZITx -DSTM32F4 -DNUCLEO_F429ZI -DUSE_HAL_DRIVER -DSTM32F429xx -c -I../Inc -I"/home/emiliano/Embebidos/PdM_workspace/Practica_0_v2/Drivers/STM32F4xx_HAL_Driver/Inc" -I"/home/emiliano/Embebidos/PdM_workspace/Practica_0_v2/Drivers/CMSIS/Include" -I"/home/emiliano/Embebidos/PdM_workspace/Practica_0_v2/Drivers/CMSIS/Device/ST/STM32F4xx/Include" -I"/home/emiliano/Embebidos/PdM_workspace/Practica_0_v2/Drivers/BSP/STM32F4xx_Nucleo_144" -I"/home/emiliano/Embebidos/PdM_workspace/Practica_0_v2/Drivers/Core/Inc" -O0 -ffunction-sections -fdata-sections -Wall -fstack-usage -MMD -MP -MF"Drivers/STM32F4xx_HAL_Driver/Src/stm32f4xx_hal_dma.d" -MT"Drivers/STM32F4xx_HAL_Driver/Src/stm32f4xx_hal_dma.o" --specs=nano.specs -mfpu=fpv4-sp-d16 -mfloat-abi=hard -mthumb -o "Drivers/STM32F4xx_HAL_Driver/Src/stm32f4xx_hal_dma.o"
arm-none-eabi-gcc "../Drivers/STM32F4xx_HAL_Driver/Src/stm32f4xx_hal_dma2d.c" -mcpu=cortex-m4 -std=gnu11 -g3 -DDEBUG -DSTM32 -DSTM32F429ZITx -DSTM32F4 -DNUCLEO_F429ZI -DUSE_HAL_DRIVER -DSTM32F429xx -c -I../Inc -I"/home/emiliano/Embebidos/PdM_workspace/Practica_0_v2/Drivers/STM32F4xx_HAL_Driver/Inc" -I"/home/emiliano/Embebidos/PdM_workspace/Practica_0_v2/Drivers/CMSIS/Include" -I"/home/emiliano/Embebidos/PdM_workspace/Practica_0_v2/Drivers/CMSIS/Device/ST/STM32F4xx/Include" -I"/home/emiliano/Embebidos/PdM_workspace/Practica_0_v2/Drivers/BSP/STM32F4xx_Nucleo_144" -I"/home/emiliano/Embebidos/PdM_workspace/Practica_0_v2/Drivers/Core/Inc" -O0 -ffunction-sections -fdata-sections -Wall -fstack-usage -MMD -MP -MF"Drivers/STM32F4xx_HAL_Driver/Src/stm32f4xx_hal_dma2d.d" -MT"Drivers/STM32F4xx_HAL_Driver/Src/stm32f4xx_hal_dma2d.o" --specs=nano.specs -mfpu=fpv4-sp-d16 -mfloat-abi=hard -mthumb -o "Drivers/STM32F4xx_HAL_Driver/Src/stm32f4xx_hal_dma2d.o"
arm-none-eabi-gcc "../Drivers/STM32F4xx_HAL_Driver/Src/stm32f4xx_hal_dma_ex.c" -mcpu=cortex-m4 -std=gnu11 -g3 -DDEBUG -DSTM32 -DSTM32F429ZITx -DSTM32F4 -DNUCLEO_F429ZI -DUSE_HAL_DRIVER -DSTM32F429xx -c -I../Inc -I"/home/emiliano/Embebidos/PdM_workspace/Practica_0_v2/Drivers/STM32F4xx_HAL_Driver/Inc" -I"/home/emiliano/Embebidos/PdM_workspace/Practica_0_v2/Drivers/CMSIS/Include" -I"/home/emiliano/Embebidos/PdM_workspace/Practica_0_v2/Drivers/CMSIS/Device/ST/STM32F4xx/Include" -I"/home/emiliano/Embebidos/PdM_workspace/Practica_0_v2/Drivers/BSP/STM32F4xx_Nucleo_144" -I"/home/emiliano/Embebidos/PdM_workspace/Practica_0_v2/Drivers/Core/Inc" -O0 -ffunction-sections -fdata-sections -Wall -fstack-usage -MMD -MP -MF"Drivers/STM32F4xx_HAL_Driver/Src/stm32f4xx_hal_dma_ex.d" -MT"Drivers/STM32F4xx_HAL_Driver/Src/stm32f4xx_hal_dma_ex.o" --specs=nano.specs -mfpu=fpv4-sp-d16 -mfloat-abi=hard -mthumb -o "Drivers/STM32F4xx_HAL_Driver/Src/stm32f4xx_hal_dma_ex.o"
arm-none-eabi-gcc "../Drivers/STM32F4xx_HAL_Driver/Src/stm32f4xx_hal_dsi.c" -mcpu=cortex-m4 -std=gnu11 -g3 -DDEBUG -DSTM32 -DSTM32F429ZITx -DSTM32F4 -DNUCLEO_F429ZI -DUSE_HAL_DRIVER -DSTM32F429xx -c -I../Inc -I"/home/emiliano/Embebidos/PdM_workspace/Practica_0_v2/Drivers/STM32F4xx_HAL_Driver/Inc" -I"/home/emiliano/Embebidos/PdM_workspace/Practica_0_v2/Drivers/CMSIS/Include" -I"/home/emiliano/Embebidos/PdM_workspace/Practica_0_v2/Drivers/CMSIS/Device/ST/STM32F4xx/Include" -I"/home/emiliano/Embebidos/PdM_workspace/Practica_0_v2/Drivers/BSP/STM32F4xx_Nucleo_144" -I"/home/emiliano/Embebidos/PdM_workspace/Practica_0_v2/Drivers/Core/Inc" -O0 -ffunction-sections -fdata-sections -Wall -fstack-usage -MMD -MP -MF"Drivers/STM32F4xx_HAL_Driver/Src/stm32f4xx_hal_dsi.d" -MT"Drivers/STM32F4xx_HAL_Driver/Src/stm32f4xx_hal_dsi.o" --specs=nano.specs -mfpu=fpv4-sp-d16 -mfloat-abi=hard -mthumb -o "Drivers/STM32F4xx_HAL_Driver/Src/stm32f4xx_hal_dsi.o"
arm-none-eabi-gcc "../Drivers/STM32F4xx_HAL_Driver/Src/stm32f4xx_hal_eth.c" -mcpu=cortex-m4 -std=gnu11 -g3 -DDEBUG -DSTM32 -DSTM32F429ZITx -DSTM32F4 -DNUCLEO_F429ZI -DUSE_HAL_DRIVER -DSTM32F429xx -c -I../Inc -I"/home/emiliano/Embebidos/PdM_workspace/Practica_0_v2/Drivers/STM32F4xx_HAL_Driver/Inc" -I"/home/emiliano/Embebidos/PdM_workspace/Practica_0_v2/Drivers/CMSIS/Include" -I"/home/emiliano/Embebidos/PdM_workspace/Practica_0_v2/Drivers/CMSIS/Device/ST/STM32F4xx/Include" -I"/home/emiliano/Embebidos/PdM_workspace/Practica_0_v2/Drivers/BSP/STM32F4xx_Nucleo_144" -I"/home/emiliano/Embebidos/PdM_workspace/Practica_0_v2/Drivers/Core/Inc" -O0 -ffunction-sections -fdata-sections -Wall -fstack-usage -MMD -MP -MF"Drivers/STM32F4xx_HAL_Driver/Src/stm32f4xx_hal_eth.d" -MT"Drivers/STM32F4xx_HAL_Driver/Src/stm32f4xx_hal_eth.o" --specs=nano.specs -mfpu=fpv4-sp-d16 -mfloat-abi=hard -mthumb -o "Drivers/STM32F4xx_HAL_Driver/Src/stm32f4xx_hal_eth.o"
arm-none-eabi-gcc "../Drivers/STM32F4xx_HAL_Driver/Src/stm32f4xx_hal_exti.c" -mcpu=cortex-m4 -std=gnu11 -g3 -DDEBUG -DSTM32 -DSTM32F429ZITx -DSTM32F4 -DNUCLEO_F429ZI -DUSE_HAL_DRIVER -DSTM32F429xx -c -I../Inc -I"/home/emiliano/Embebidos/PdM_workspace/Practica_0_v2/Drivers/STM32F4xx_HAL_Driver/Inc" -I"/home/emiliano/Embebidos/PdM_workspace/Practica_0_v2/Drivers/CMSIS/Include" -I"/home/emiliano/Embebidos/PdM_workspace/Practica_0_v2/Drivers/CMSIS/Device/ST/STM32F4xx/Include" -I"/home/emiliano/Embebidos/PdM_workspace/Practica_0_v2/Drivers/BSP/STM32F4xx_Nucleo_144" -I"/home/emiliano/Embebidos/PdM_workspace/Practica_0_v2/Drivers/Core/Inc" -O0 -ffunction-sections -fdata-sections -Wall -fstack-usage -MMD -MP -MF"Drivers/STM32F4xx_HAL_Driver/Src/stm32f4xx_hal_exti.d" -MT"Drivers/STM32F4xx_HAL_Driver/Src/stm32f4xx_hal_exti.o" --specs=nano.specs -mfpu=fpv4-sp-d16 -mfloat-abi=hard -mthumb -o "Drivers/STM32F4xx_HAL_Driver/Src/stm32f4xx_hal_exti.o"
arm-none-eabi-gcc "../Drivers/STM32F4xx_HAL_Driver/Src/stm32f4xx_hal_flash.c" -mcpu=cortex-m4 -std=gnu11 -g3 -DDEBUG -DSTM32 -DSTM32F429ZITx -DSTM32F4 -DNUCLEO_F429ZI -DUSE_HAL_DRIVER -DSTM32F429xx -c -I../Inc -I"/home/emiliano/Embebidos/PdM_workspace/Practica_0_v2/Drivers/STM32F4xx_HAL_Driver/Inc" -I"/home/emiliano/Embebidos/PdM_workspace/Practica_0_v2/Drivers/CMSIS/Include" -I"/home/emiliano/Embebidos/PdM_workspace/Practica_0_v2/Drivers/CMSIS/Device/ST/STM32F4xx/Include" -I"/home/emiliano/Embebidos/PdM_workspace/Practica_0_v2/Drivers/BSP/STM32F4xx_Nucleo_144" -I"/home/emiliano/Embebidos/PdM_workspace/Practica_0_v2/Drivers/Core/Inc" -O0 -ffunction-sections -fdata-sections -Wall -fstack-usage -MMD -MP -MF"Drivers/STM32F4xx_HAL_Driver/Src/stm32f4xx_hal_flash.d" -MT"Drivers/STM32F4xx_HAL_Driver/Src/stm32f4xx_hal_flash.o" --specs=nano.specs -mfpu=fpv4-sp-d16 -mfloat-abi=hard -mthumb -o "Drivers/STM32F4xx_HAL_Driver/Src/stm32f4xx_hal_flash.o"
arm-none-eabi-gcc "../Drivers/STM32F4xx_HAL_Driver/Src/stm32f4xx_hal_flash_ex.c" -mcpu=cortex-m4 -std=gnu11 -g3 -DDEBUG -DSTM32 -DSTM32F429ZITx -DSTM32F4 -DNUCLEO_F429ZI -DUSE_HAL_DRIVER -DSTM32F429xx -c -I../Inc -I"/home/emiliano/Embebidos/PdM_workspace/Practica_0_v2/Drivers/STM32F4xx_HAL_Driver/Inc" -I"/home/emiliano/Embebidos/PdM_workspace/Practica_0_v2/Drivers/CMSIS/Include" -I"/home/emiliano/Embebidos/PdM_workspace/Practica_0_v2/Drivers/CMSIS/Device/ST/STM32F4xx/Include" -I"/home/emiliano/Embebidos/PdM_workspace/Practica_0_v2/Drivers/BSP/STM32F4xx_Nucleo_144" -I"/home/emiliano/Embebidos/PdM_workspace/Practica_0_v2/Drivers/Core/Inc" -O0 -ffunction-sections -fdata-sections -Wall -fstack-usage -MMD -MP -MF"Drivers/STM32F4xx_HAL_Driver/Src/stm32f4xx_hal_flash_ex.d" -MT"Drivers/STM32F4xx_HAL_Driver/Src/stm32f4xx_hal_flash_ex.o" --specs=nano.specs -mfpu=fpv4-sp-d16 -mfloat-abi=hard -mthumb -o "Drivers/STM32F4xx_HAL_Driver/Src/stm32f4xx_hal_flash_ex.o"
arm-none-eabi-gcc "../Drivers/STM32F4xx_HAL_Driver/Src/stm32f4xx_hal_flash_ramfunc.c" -mcpu=cortex-m4 -std=gnu11 -g3 -DDEBUG -DSTM32 -DSTM32F429ZITx -DSTM32F4 -DNUCLEO_F429ZI -DUSE_HAL_DRIVER -DSTM32F429xx -c -I../Inc -I"/home/emiliano/Embebidos/PdM_workspace/Practica_0_v2/Drivers/STM32F4xx_HAL_Driver/Inc" -I"/home/emiliano/Embebidos/PdM_workspace/Practica_0_v2/Drivers/CMSIS/Include" -I"/home/emiliano/Embebidos/PdM_workspace/Practica_0_v2/Drivers/CMSIS/Device/ST/STM32F4xx/Include" -I"/home/emiliano/Embebidos/PdM_workspace/Practica_0_v2/Drivers/BSP/STM32F4xx_Nucleo_144" -I"/home/emiliano/Embebidos/PdM_workspace/Practica_0_v2/Drivers/Core/Inc" -O0 -ffunction-sections -fdata-sections -Wall -fstack-usage -MMD -MP -MF"Drivers/STM32F4xx_HAL_Driver/Src/stm32f4xx_hal_flash_ramfunc.d" -MT"Drivers/STM32F4xx_HAL_Driver/Src/stm32f4xx_hal_flash_ramfunc.o" --specs=nano.specs -mfpu=fpv4-sp-d16 -mfloat-abi=hard -mthumb -o "Drivers/STM32F4xx_HAL_Driver/Src/stm32f4xx_hal_flash_ramfunc.o"
arm-none-eabi-gcc "../Drivers/STM32F4xx_HAL_Driver/Src/stm32f4xx_hal_fmpi2c.c" -mcpu=cortex-m4 -std=gnu11 -g3 -DDEBUG -DSTM32 -DSTM32F429ZITx -DSTM32F4 -DNUCLEO_F429ZI -DUSE_HAL_DRIVER -DSTM32F429xx -c -I../Inc -I"/home/emiliano/Embebidos/PdM_workspace/Practica_0_v2/Drivers/STM32F4xx_HAL_Driver/Inc" -I"/home/emiliano/Embebidos/PdM_workspace/Practica_0_v2/Drivers/CMSIS/Include" -I"/home/emiliano/Embebidos/PdM_workspace/Practica_0_v2/Drivers/CMSIS/Device/ST/STM32F4xx/Include" -I"/home/emiliano/Embebidos/PdM_workspace/Practica_0_v2/Drivers/BSP/STM32F4xx_Nucleo_144" -I"/home/emiliano/Embebidos/PdM_workspace/Practica_0_v2/Drivers/Core/Inc" -O0 -ffunction-sections -fdata-sections -Wall -fstack-usage -MMD -MP -MF"Drivers/STM32F4xx_HAL_Driver/Src/stm32f4xx_hal_fmpi2c.d" -MT"Drivers/STM32F4xx_HAL_Driver/Src/stm32f4xx_hal_fmpi2c.o" --specs=nano.specs -mfpu=fpv4-sp-d16 -mfloat-abi=hard -mthumb -o "Drivers/STM32F4xx_HAL_Driver/Src/stm32f4xx_hal_fmpi2c.o"
arm-none-eabi-gcc "../Drivers/STM32F4xx_HAL_Driver/Src/stm32f4xx_hal_fmpi2c_ex.c" -mcpu=cortex-m4 -std=gnu11 -g3 -DDEBUG -DSTM32 -DSTM32F429ZITx -DSTM32F4 -DNUCLEO_F429ZI -DUSE_HAL_DRIVER -DSTM32F429xx -c -I../Inc -I"/home/emiliano/Embebidos/PdM_workspace/Practica_0_v2/Drivers/STM32F4xx_HAL_Driver/Inc" -I"/home/emiliano/Embebidos/PdM_workspace/Practica_0_v2/Drivers/CMSIS/Include" -I"/home/emiliano/Embebidos/PdM_workspace/Practica_0_v2/Drivers/CMSIS/Device/ST/STM32F4xx/Include" -I"/home/emiliano/Embebidos/PdM_workspace/Practica_0_v2/Drivers/BSP/STM32F4xx_Nucleo_144" -I"/home/emiliano/Embebidos/PdM_workspace/Practica_0_v2/Drivers/Core/Inc" -O0 -ffunction-sections -fdata-sections -Wall -fstack-usage -MMD -MP -MF"Drivers/STM32F4xx_HAL_Driver/Src/stm32f4xx_hal_fmpi2c_ex.d" -MT"Drivers/STM32F4xx_HAL_Driver/Src/stm32f4xx_hal_fmpi2c_ex.o" --specs=nano.specs -mfpu=fpv4-sp-d16 -mfloat-abi=hard -mthumb -o "Drivers/STM32F4xx_HAL_Driver/Src/stm32f4xx_hal_fmpi2c_ex.o"
arm-none-eabi-gcc "../Drivers/STM32F4xx_HAL_Driver/Src/stm32f4xx_hal_fmpsmbus.c" -mcpu=cortex-m4 -std=gnu11 -g3 -DDEBUG -DSTM32 -DSTM32F429ZITx -DSTM32F4 -DNUCLEO_F429ZI -DUSE_HAL_DRIVER -DSTM32F429xx -c -I../Inc -I"/home/emiliano/Embebidos/PdM_workspace/Practica_0_v2/Drivers/STM32F4xx_HAL_Driver/Inc" -I"/home/emiliano/Embebidos/PdM_workspace/Practica_0_v2/Drivers/CMSIS/Include" -I"/home/emiliano/Embebidos/PdM_workspace/Practica_0_v2/Drivers/CMSIS/Device/ST/STM32F4xx/Include" -I"/home/emiliano/Embebidos/PdM_workspace/Practica_0_v2/Drivers/BSP/STM32F4xx_Nucleo_144" -I"/home/emiliano/Embebidos/PdM_workspace/Practica_0_v2/Drivers/Core/Inc" -O0 -ffunction-sections -fdata-sections -Wall -fstack-usage -MMD -MP -MF"Drivers/STM32F4xx_HAL_Driver/Src/stm32f4xx_hal_fmpsmbus.d" -MT"Drivers/STM32F4xx_HAL_Driver/Src/stm32f4xx_hal_fmpsmbus.o" --specs=nano.specs -mfpu=fpv4-sp-d16 -mfloat-abi=hard -mthumb -o "Drivers/STM32F4xx_HAL_Driver/Src/stm32f4xx_hal_fmpsmbus.o"
arm-none-eabi-gcc "../Drivers/STM32F4xx_HAL_Driver/Src/stm32f4xx_hal_fmpsmbus_ex.c" -mcpu=cortex-m4 -std=gnu11 -g3 -DDEBUG -DSTM32 -DSTM32F429ZITx -DSTM32F4 -DNUCLEO_F429ZI -DUSE_HAL_DRIVER -DSTM32F429xx -c -I../Inc -I"/home/emiliano/Embebidos/PdM_workspace/Practica_0_v2/Drivers/STM32F4xx_HAL_Driver/Inc" -I"/home/emiliano/Embebidos/PdM_workspace/Practica_0_v2/Drivers/CMSIS/Include" -I"/home/emiliano/Embebidos/PdM_workspace/Practica_0_v2/Drivers/CMSIS/Device/ST/STM32F4xx/Include" -I"/home/emiliano/Embebidos/PdM_workspace/Practica_0_v2/Drivers/BSP/STM32F4xx_Nucleo_144" -I"/home/emiliano/Embebidos/PdM_workspace/Practica_0_v2/Drivers/Core/Inc" -O0 -ffunction-sections -fdata-sections -Wall -fstack-usage -MMD -MP -MF"Drivers/STM32F4xx_HAL_Driver/Src/stm32f4xx_hal_fmpsmbus_ex.d" -MT"Drivers/STM32F4xx_HAL_Driver/Src/stm32f4xx_hal_fmpsmbus_ex.o" --specs=nano.specs -mfpu=fpv4-sp-d16 -mfloat-abi=hard -mthumb -o "Drivers/STM32F4xx_HAL_Driver/Src/stm32f4xx_hal_fmpsmbus_ex.o"
arm-none-eabi-gcc "../Drivers/STM32F4xx_HAL_Driver/Src/stm32f4xx_hal_gpio.c" -mcpu=cortex-m4 -std=gnu11 -g3 -DDEBUG -DSTM32 -DSTM32F429ZITx -DSTM32F4 -DNUCLEO_F429ZI -DUSE_HAL_DRIVER -DSTM32F429xx -c -I../Inc -I"/home/emiliano/Embebidos/PdM_workspace/Practica_0_v2/Drivers/STM32F4xx_HAL_Driver/Inc" -I"/home/emiliano/Embebidos/PdM_workspace/Practica_0_v2/Drivers/CMSIS/Include" -I"/home/emiliano/Embebidos/PdM_workspace/Practica_0_v2/Drivers/CMSIS/Device/ST/STM32F4xx/Include" -I"/home/emiliano/Embebidos/PdM_workspace/Practica_0_v2/Drivers/BSP/STM32F4xx_Nucleo_144" -I"/home/emiliano/Embebidos/PdM_workspace/Practica_0_v2/Drivers/Core/Inc" -O0 -ffunction-sections -fdata-sections -Wall -fstack-usage -MMD -MP -MF"Drivers/STM32F4xx_HAL_Driver/Src/stm32f4xx_hal_gpio.d" -MT"Drivers/STM32F4xx_HAL_Driver/Src/stm32f4xx_hal_gpio.o" --specs=nano.specs -mfpu=fpv4-sp-d16 -mfloat-abi=hard -mthumb -o "Drivers/STM32F4xx_HAL_Driver/Src/stm32f4xx_hal_gpio.o"
arm-none-eabi-gcc "../Drivers/STM32F4xx_HAL_Driver/Src/stm32f4xx_hal_hash.c" -mcpu=cortex-m4 -std=gnu11 -g3 -DDEBUG -DSTM32 -DSTM32F429ZITx -DSTM32F4 -DNUCLEO_F429ZI -DUSE_HAL_DRIVER -DSTM32F429xx -c -I../Inc -I"/home/emiliano/Embebidos/PdM_workspace/Practica_0_v2/Drivers/STM32F4xx_HAL_Driver/Inc" -I"/home/emiliano/Embebidos/PdM_workspace/Practica_0_v2/Drivers/CMSIS/Include" -I"/home/emiliano/Embebidos/PdM_workspace/Practica_0_v2/Drivers/CMSIS/Device/ST/STM32F4xx/Include" -I"/home/emiliano/Embebidos/PdM_workspace/Practica_0_v2/Drivers/BSP/STM32F4xx_Nucleo_144" -I"/home/emiliano/Embebidos/PdM_workspace/Practica_0_v2/Drivers/Core/Inc" -O0 -ffunction-sections -fdata-sections -Wall -fstack-usage -MMD -MP -MF"Drivers/STM32F4xx_HAL_Driver/Src/stm32f4xx_hal_hash.d" -MT"Drivers/STM32F4xx_HAL_Driver/Src/stm32f4xx_hal_hash.o" --specs=nano.specs -mfpu=fpv4-sp-d16 -mfloat-abi=hard -mthumb -o "Drivers/STM32F4xx_HAL_Driver/Src/stm32f4xx_hal_hash.o"
arm-none-eabi-gcc "../Drivers/STM32F4xx_HAL_Driver/Src/stm32f4xx_hal_hash_ex.c" -mcpu=cortex-m4 -std=gnu11 -g3 -DDEBUG -DSTM32 -DSTM32F429ZITx -DSTM32F4 -DNUCLEO_F429ZI -DUSE_HAL_DRIVER -DSTM32F429xx -c -I../Inc -I"/home/emiliano/Embebidos/PdM_workspace/Practica_0_v2/Drivers/STM32F4xx_HAL_Driver/Inc" -I"/home/emiliano/Embebidos/PdM_workspace/Practica_0_v2/Drivers/CMSIS/Include" -I"/home/emiliano/Embebidos/PdM_workspace/Practica_0_v2/Drivers/CMSIS/Device/ST/STM32F4xx/Include" -I"/home/emiliano/Embebidos/PdM_workspace/Practica_0_v2/Drivers/BSP/STM32F4xx_Nucleo_144" -I"/home/emiliano/Embebidos/PdM_workspace/Practica_0_v2/Drivers/Core/Inc" -O0 -ffunction-sections -fdata-sections -Wall -fstack-usage -MMD -MP -MF"Drivers/STM32F4xx_HAL_Driver/Src/stm32f4xx_hal_hash_ex.d" -MT"Drivers/STM32F4xx_HAL_Driver/Src/stm32f4xx_hal_hash_ex.o" --specs=nano.specs -mfpu=fpv4-sp-d16 -mfloat-abi=hard -mthumb -o "Drivers/STM32F4xx_HAL_Driver/Src/stm32f4xx_hal_hash_ex.o"
arm-none-eabi-gcc "../Drivers/STM32F4xx_HAL_Driver/Src/stm32f4xx_hal_hcd.c" -mcpu=cortex-m4 -std=gnu11 -g3 -DDEBUG -DSTM32 -DSTM32F429ZITx -DSTM32F4 -DNUCLEO_F429ZI -DUSE_HAL_DRIVER -DSTM32F429xx -c -I../Inc -I"/home/emiliano/Embebidos/PdM_workspace/Practica_0_v2/Drivers/STM32F4xx_HAL_Driver/Inc" -I"/home/emiliano/Embebidos/PdM_workspace/Practica_0_v2/Drivers/CMSIS/Include" -I"/home/emiliano/Embebidos/PdM_workspace/Practica_0_v2/Drivers/CMSIS/Device/ST/STM32F4xx/Include" -I"/home/emiliano/Embebidos/PdM_workspace/Practica_0_v2/Drivers/BSP/STM32F4xx_Nucleo_144" -I"/home/emiliano/Embebidos/PdM_workspace/Practica_0_v2/Drivers/Core/Inc" -O0 -ffunction-sections -fdata-sections -Wall -fstack-usage -MMD -MP -MF"Drivers/STM32F4xx_HAL_Driver/Src/stm32f4xx_hal_hcd.d" -MT"Drivers/STM32F4xx_HAL_Driver/Src/stm32f4xx_hal_hcd.o" --specs=nano.specs -mfpu=fpv4-sp-d16 -mfloat-abi=hard -mthumb -o "Drivers/STM32F4xx_HAL_Driver/Src/stm32f4xx_hal_hcd.o"
arm-none-eabi-gcc "../Drivers/STM32F4xx_HAL_Driver/Src/stm32f4xx_hal_i2c.c" -mcpu=cortex-m4 -std=gnu11 -g3 -DDEBUG -DSTM32 -DSTM32F429ZITx -DSTM32F4 -DNUCLEO_F429ZI -DUSE_HAL_DRIVER -DSTM32F429xx -c -I../Inc -I"/home/emiliano/Embebidos/PdM_workspace/Practica_0_v2/Drivers/STM32F4xx_HAL_Driver/Inc" -I"/home/emiliano/Embebidos/PdM_workspace/Practica_0_v2/Drivers/CMSIS/Include" -I"/home/emiliano/Embebidos/PdM_workspace/Practica_0_v2/Drivers/CMSIS/Device/ST/STM32F4xx/Include" -I"/home/emiliano/Embebidos/PdM_workspace/Practica_0_v2/Drivers/BSP/STM32F4xx_Nucleo_144" -I"/home/emiliano/Embebidos/PdM_workspace/Practica_0_v2/Drivers/Core/Inc" -O0 -ffunction-sections -fdata-sections -Wall -fstack-usage -MMD -MP -MF"Drivers/STM32F4xx_HAL_Driver/Src/stm32f4xx_hal_i2c.d" -MT"Drivers/STM32F4xx_HAL_Driver/Src/stm32f4xx_hal_i2c.o" --specs=nano.specs -mfpu=fpv4-sp-d16 -mfloat-abi=hard -mthumb -o "Drivers/STM32F4xx_HAL_Driver/Src/stm32f4xx_hal_i2c.o"
arm-none-eabi-gcc "../Drivers/STM32F4xx_HAL_Driver/Src/stm32f4xx_hal_i2c_ex.c" -mcpu=cortex-m4 -std=gnu11 -g3 -DDEBUG -DSTM32 -DSTM32F429ZITx -DSTM32F4 -DNUCLEO_F429ZI -DUSE_HAL_DRIVER -DSTM32F429xx -c -I../Inc -I"/home/emiliano/Embebidos/PdM_workspace/Practica_0_v2/Drivers/STM32F4xx_HAL_Driver/Inc" -I"/home/emiliano/Embebidos/PdM_workspace/Practica_0_v2/Drivers/CMSIS/Include" -I"/home/emiliano/Embebidos/PdM_workspace/Practica_0_v2/Drivers/CMSIS/Device/ST/STM32F4xx/Include" -I"/home/emiliano/Embebidos/PdM_workspace/Practica_0_v2/Drivers/BSP/STM32F4xx_Nucleo_144" -I"/home/emiliano/Embebidos/PdM_workspace/Practica_0_v2/Drivers/Core/Inc" -O0 -ffunction-sections -fdata-sections -Wall -fstack-usage -MMD -MP -MF"Drivers/STM32F4xx_HAL_Driver/Src/stm32f4xx_hal_i2c_ex.d" -MT"Drivers/STM32F4xx_HAL_Driver/Src/stm32f4xx_hal_i2c_ex.o" --specs=nano.specs -mfpu=fpv4-sp-d16 -mfloat-abi=hard -mthumb -o "Drivers/STM32F4xx_HAL_Driver/Src/stm32f4xx_hal_i2c_ex.o"
arm-none-eabi-gcc "../Drivers/STM32F4xx_HAL_Driver/Src/stm32f4xx_hal_i2s.c" -mcpu=cortex-m4 -std=gnu11 -g3 -DDEBUG -DSTM32 -DSTM32F429ZITx -DSTM32F4 -DNUCLEO_F429ZI -DUSE_HAL_DRIVER -DSTM32F429xx -c -I../Inc -I"/home/emiliano/Embebidos/PdM_workspace/Practica_0_v2/Drivers/STM32F4xx_HAL_Driver/Inc" -I"/home/emiliano/Embebidos/PdM_workspace/Practica_0_v2/Drivers/CMSIS/Include" -I"/home/emiliano/Embebidos/PdM_workspace/Practica_0_v2/Drivers/CMSIS/Device/ST/STM32F4xx/Include" -I"/home/emiliano/Embebidos/PdM_workspace/Practica_0_v2/Drivers/BSP/STM32F4xx_Nucleo_144" -I"/home/emiliano/Embebidos/PdM_workspace/Practica_0_v2/Drivers/Core/Inc" -O0 -ffunction-sections -fdata-sections -Wall -fstack-usage -MMD -MP -MF"Drivers/STM32F4xx_HAL_Driver/Src/stm32f4xx_hal_i2s.d" -MT"Drivers/STM32F4xx_HAL_Driver/Src/stm32f4xx_hal_i2s.o" --specs=nano.specs -mfpu=fpv4-sp-d16 -mfloat-abi=hard -mthumb -o "Drivers/STM32F4xx_HAL_Driver/Src/stm32f4xx_hal_i2s.o"
arm-none-eabi-gcc "../Drivers/STM32F4xx_HAL_Driver/Src/stm32f4xx_hal_i2s_ex.c" -mcpu=cortex-m4 -std=gnu11 -g3 -DDEBUG -DSTM32 -DSTM32F429ZITx -DSTM32F4 -DNUCLEO_F429ZI -DUSE_HAL_DRIVER -DSTM32F429xx -c -I../Inc -I"/home/emiliano/Embebidos/PdM_workspace/Practica_0_v2/Drivers/STM32F4xx_HAL_Driver/Inc" -I"/home/emiliano/Embebidos/PdM_workspace/Practica_0_v2/Drivers/CMSIS/Include" -I"/home/emiliano/Embebidos/PdM_workspace/Practica_0_v2/Drivers/CMSIS/Device/ST/STM32F4xx/Include" -I"/home/emiliano/Embebidos/PdM_workspace/Practica_0_v2/Drivers/BSP/STM32F4xx_Nucleo_144" -I"/home/emiliano/Embebidos/PdM_workspace/Practica_0_v2/Drivers/Core/Inc" -O0 -ffunction-sections -fdata-sections -Wall -fstack-usage -MMD -MP -MF"Drivers/STM32F4xx_HAL_Driver/Src/stm32f4xx_hal_i2s_ex.d" -MT"Drivers/STM32F4xx_HAL_Driver/Src/stm32f4xx_hal_i2s_ex.o" --specs=nano.specs -mfpu=fpv4-sp-d16 -mfloat-abi=hard -mthumb -o "Drivers/STM32F4xx_HAL_Driver/Src/stm32f4xx_hal_i2s_ex.o"
arm-none-eabi-gcc "../Drivers/STM32F4xx_HAL_Driver/Src/stm32f4xx_hal_irda.c" -mcpu=cortex-m4 -std=gnu11 -g3 -DDEBUG -DSTM32 -DSTM32F429ZITx -DSTM32F4 -DNUCLEO_F429ZI -DUSE_HAL_DRIVER -DSTM32F429xx -c -I../Inc -I"/home/emiliano/Embebidos/PdM_workspace/Practica_0_v2/Drivers/STM32F4xx_HAL_Driver/Inc" -I"/home/emiliano/Embebidos/PdM_workspace/Practica_0_v2/Drivers/CMSIS/Include" -I"/home/emiliano/Embebidos/PdM_workspace/Practica_0_v2/Drivers/CMSIS/Device/ST/STM32F4xx/Include" -I"/home/emiliano/Embebidos/PdM_workspace/Practica_0_v2/Drivers/BSP/STM32F4xx_Nucleo_144" -I"/home/emiliano/Embebidos/PdM_workspace/Practica_0_v2/Drivers/Core/Inc" -O0 -ffunction-sections -fdata-sections -Wall -fstack-usage -MMD -MP -MF"Drivers/STM32F4xx_HAL_Driver/Src/stm32f4xx_hal_irda.d" -MT"Drivers/STM32F4xx_HAL_Driver/Src/stm32f4xx_hal_irda.o" --specs=nano.specs -mfpu=fpv4-sp-d16 -mfloat-abi=hard -mthumb -o "Drivers/STM32F4xx_HAL_Driver/Src/stm32f4xx_hal_irda.o"
arm-none-eabi-gcc "../Drivers/STM32F4xx_HAL_Driver/Src/stm32f4xx_hal_iwdg.c" -mcpu=cortex-m4 -std=gnu11 -g3 -DDEBUG -DSTM32 -DSTM32F429ZITx -DSTM32F4 -DNUCLEO_F429ZI -DUSE_HAL_DRIVER -DSTM32F429xx -c -I../Inc -I"/home/emiliano/Embebidos/PdM_workspace/Practica_0_v2/Drivers/STM32F4xx_HAL_Driver/Inc" -I"/home/emiliano/Embebidos/PdM_workspace/Practica_0_v2/Drivers/CMSIS/Include" -I"/home/emiliano/Embebidos/PdM_workspace/Practica_0_v2/Drivers/CMSIS/Device/ST/STM32F4xx/Include" -I"/home/emiliano/Embebidos/PdM_workspace/Practica_0_v2/Drivers/BSP/STM32F4xx_Nucleo_144" -I"/home/emiliano/Embebidos/PdM_workspace/Practica_0_v2/Drivers/Core/Inc" -O0 -ffunction-sections -fdata-sections -Wall -fstack-usage -MMD -MP -MF"Drivers/STM32F4xx_HAL_Driver/Src/stm32f4xx_hal_iwdg.d" -MT"Drivers/STM32F4xx_HAL_Driver/Src/stm32f4xx_hal_iwdg.o" --specs=nano.specs -mfpu=fpv4-sp-d16 -mfloat-abi=hard -mthumb -o "Drivers/STM32F4xx_HAL_Driver/Src/stm32f4xx_hal_iwdg.o"
arm-none-eabi-gcc "../Drivers/STM32F4xx_HAL_Driver/Src/stm32f4xx_hal_lptim.c" -mcpu=cortex-m4 -std=gnu11 -g3 -DDEBUG -DSTM32 -DSTM32F429ZITx -DSTM32F4 -DNUCLEO_F429ZI -DUSE_HAL_DRIVER -DSTM32F429xx -c -I../Inc -I"/home/emiliano/Embebidos/PdM_workspace/Practica_0_v2/Drivers/STM32F4xx_HAL_Driver/Inc" -I"/home/emiliano/Embebidos/PdM_workspace/Practica_0_v2/Drivers/CMSIS/Include" -I"/home/emiliano/Embebidos/PdM_workspace/Practica_0_v2/Drivers/CMSIS/Device/ST/STM32F4xx/Include" -I"/home/emiliano/Embebidos/PdM_workspace/Practica_0_v2/Drivers/BSP/STM32F4xx_Nucleo_144" -I"/home/emiliano/Embebidos/PdM_workspace/Practica_0_v2/Drivers/Core/Inc" -O0 -ffunction-sections -fdata-sections -Wall -fstack-usage -MMD -MP -MF"Drivers/STM32F4xx_HAL_Driver/Src/stm32f4xx_hal_lptim.d" -MT"Drivers/STM32F4xx_HAL_Driver/Src/stm32f4xx_hal_lptim.o" --specs=nano.specs -mfpu=fpv4-sp-d16 -mfloat-abi=hard -mthumb -o "Drivers/STM32F4xx_HAL_Driver/Src/stm32f4xx_hal_lptim.o"
arm-none-eabi-gcc "../Drivers/STM32F4xx_HAL_Driver/Src/stm32f4xx_hal_ltdc.c" -mcpu=cortex-m4 -std=gnu11 -g3 -DDEBUG -DSTM32 -DSTM32F429ZITx -DSTM32F4 -DNUCLEO_F429ZI -DUSE_HAL_DRIVER -DSTM32F429xx -c -I../Inc -I"/home/emiliano/Embebidos/PdM_workspace/Practica_0_v2/Drivers/STM32F4xx_HAL_Driver/Inc" -I"/home/emiliano/Embebidos/PdM_workspace/Practica_0_v2/Drivers/CMSIS/Include" -I"/home/emiliano/Embebidos/PdM_workspace/Practica_0_v2/Drivers/CMSIS/Device/ST/STM32F4xx/Include" -I"/home/emiliano/Embebidos/PdM_workspace/Practica_0_v2/Drivers/BSP/STM32F4xx_Nucleo_144" -I"/home/emiliano/Embebidos/PdM_workspace/Practica_0_v2/Drivers/Core/Inc" -O0 -ffunction-sections -fdata-sections -Wall -fstack-usage -MMD -MP -MF"Drivers/STM32F4xx_HAL_Driver/Src/stm32f4xx_hal_ltdc.d" -MT"Drivers/STM32F4xx_HAL_Driver/Src/stm32f4xx_hal_ltdc.o" --specs=nano.specs -mfpu=fpv4-sp-d16 -mfloat-abi=hard -mthumb -o "Drivers/STM32F4xx_HAL_Driver/Src/stm32f4xx_hal_ltdc.o"
arm-none-eabi-gcc "../Drivers/STM32F4xx_HAL_Driver/Src/stm32f4xx_hal_ltdc_ex.c" -mcpu=cortex-m4 -std=gnu11 -g3 -DDEBUG -DSTM32 -DSTM32F429ZITx -DSTM32F4 -DNUCLEO_F429ZI -DUSE_HAL_DRIVER -DSTM32F429xx -c -I../Inc -I"/home/emiliano/Embebidos/PdM_workspace/Practica_0_v2/Drivers/STM32F4xx_HAL_Driver/Inc" -I"/home/emiliano/Embebidos/PdM_workspace/Practica_0_v2/Drivers/CMSIS/Include" -I"/home/emiliano/Embebidos/PdM_workspace/Practica_0_v2/Drivers/CMSIS/Device/ST/STM32F4xx/Include" -I"/home/emiliano/Embebidos/PdM_workspace/Practica_0_v2/Drivers/BSP/STM32F4xx_Nucleo_144" -I"/home/emiliano/Embebidos/PdM_workspace/Practica_0_v2/Drivers/Core/Inc" -O0 -ffunction-sections -fdata-sections -Wall -fstack-usage -MMD -MP -MF"Drivers/STM32F4xx_HAL_Driver/Src/stm32f4xx_hal_ltdc_ex.d" -MT"Drivers/STM32F4xx_HAL_Driver/Src/stm32f4xx_hal_ltdc_ex.o" --specs=nano.specs -mfpu=fpv4-sp-d16 -mfloat-abi=hard -mthumb -o "Drivers/STM32F4xx_HAL_Driver/Src/stm32f4xx_hal_ltdc_ex.o"
arm-none-eabi-gcc "../Drivers/STM32F4xx_HAL_Driver/Src/stm32f4xx_hal_mmc.c" -mcpu=cortex-m4 -std=gnu11 -g3 -DDEBUG -DSTM32 -DSTM32F429ZITx -DSTM32F4 -DNUCLEO_F429ZI -DUSE_HAL_DRIVER -DSTM32F429xx -c -I../Inc -I"/home/emiliano/Embebidos/PdM_workspace/Practica_0_v2/Drivers/STM32F4xx_HAL_Driver/Inc" -I"/home/emiliano/Embebidos/PdM_workspace/Practica_0_v2/Drivers/CMSIS/Include" -I"/home/emiliano/Embebidos/PdM_workspace/Practica_0_v2/Drivers/CMSIS/Device/ST/STM32F4xx/Include" -I"/home/emiliano/Embebidos/PdM_workspace/Practica_0_v2/Drivers/BSP/STM32F4xx_Nucleo_144" -I"/home/emiliano/Embebidos/PdM_workspace/Practica_0_v2/Drivers/Core/Inc" -O0 -ffunction-sections -fdata-sections -Wall -fstack-usage -MMD -MP -MF"Drivers/STM32F4xx_HAL_Driver/Src/stm32f4xx_hal_mmc.d" -MT"Drivers/STM32F4xx_HAL_Driver/Src/stm32f4xx_hal_mmc.o" --specs=nano.specs -mfpu=fpv4-sp-d16 -mfloat-abi=hard -mthumb -o "Drivers/STM32F4xx_HAL_Driver/Src/stm32f4xx_hal_mmc.o"
arm-none-eabi-gcc "../Drivers/STM32F4xx_HAL_Driver/Src/stm32f4xx_hal_msp_template.c" -mcpu=cortex-m4 -std=gnu11 -g3 -DDEBUG -DSTM32 -DSTM32F429ZITx -DSTM32F4 -DNUCLEO_F429ZI -DUSE_HAL_DRIVER -DSTM32F429xx -c -I../Inc -I"/home/emiliano/Embebidos/PdM_workspace/Practica_0_v2/Drivers/STM32F4xx_HAL_Driver/Inc" -I"/home/emiliano/Embebidos/PdM_workspace/Practica_0_v2/Drivers/CMSIS/Include" -I"/home/emiliano/Embebidos/PdM_workspace/Practica_0_v2/Drivers/CMSIS/Device/ST/STM32F4xx/Include" -I"/home/emiliano/Embebidos/PdM_workspace/Practica_0_v2/Drivers/BSP/STM32F4xx_Nucleo_144" -I"/home/emiliano/Embebidos/PdM_workspace/Practica_0_v2/Drivers/Core/Inc" -O0 -ffunction-sections -fdata-sections -Wall -fstack-usage -MMD -MP -MF"Drivers/STM32F4xx_HAL_Driver/Src/stm32f4xx_hal_msp_template.d" -MT"Drivers/STM32F4xx_HAL_Driver/Src/stm32f4xx_hal_msp_template.o" --specs=nano.specs -mfpu=fpv4-sp-d16 -mfloat-abi=hard -mthumb -o "Drivers/STM32F4xx_HAL_Driver/Src/stm32f4xx_hal_msp_template.o"
arm-none-eabi-gcc "../Drivers/STM32F4xx_HAL_Driver/Src/stm32f4xx_hal_nand.c" -mcpu=cortex-m4 -std=gnu11 -g3 -DDEBUG -DSTM32 -DSTM32F429ZITx -DSTM32F4 -DNUCLEO_F429ZI -DUSE_HAL_DRIVER -DSTM32F429xx -c -I../Inc -I"/home/emiliano/Embebidos/PdM_workspace/Practica_0_v2/Drivers/STM32F4xx_HAL_Driver/Inc" -I"/home/emiliano/Embebidos/PdM_workspace/Practica_0_v2/Drivers/CMSIS/Include" -I"/home/emiliano/Embebidos/PdM_workspace/Practica_0_v2/Drivers/CMSIS/Device/ST/STM32F4xx/Include" -I"/home/emiliano/Embebidos/PdM_workspace/Practica_0_v2/Drivers/BSP/STM32F4xx_Nucleo_144" -I"/home/emiliano/Embebidos/PdM_workspace/Practica_0_v2/Drivers/Core/Inc" -O0 -ffunction-sections -fdata-sections -Wall -fstack-usage -MMD -MP -MF"Drivers/STM32F4xx_HAL_Driver/Src/stm32f4xx_hal_nand.d" -MT"Drivers/STM32F4xx_HAL_Driver/Src/stm32f4xx_hal_nand.o" --specs=nano.specs -mfpu=fpv4-sp-d16 -mfloat-abi=hard -mthumb -o "Drivers/STM32F4xx_HAL_Driver/Src/stm32f4xx_hal_nand.o"
arm-none-eabi-gcc "../Drivers/STM32F4xx_HAL_Driver/Src/stm32f4xx_hal_nor.c" -mcpu=cortex-m4 -std=gnu11 -g3 -DDEBUG -DSTM32 -DSTM32F429ZITx -DSTM32F4 -DNUCLEO_F429ZI -DUSE_HAL_DRIVER -DSTM32F429xx -c -I../Inc -I"/home/emiliano/Embebidos/PdM_workspace/Practica_0_v2/Drivers/STM32F4xx_HAL_Driver/Inc" -I"/home/emiliano/Embebidos/PdM_workspace/Practica_0_v2/Drivers/CMSIS/Include" -I"/home/emiliano/Embebidos/PdM_workspace/Practica_0_v2/Drivers/CMSIS/Device/ST/STM32F4xx/Include" -I"/home/emiliano/Embebidos/PdM_workspace/Practica_0_v2/Drivers/BSP/STM32F4xx_Nucleo_144" -I"/home/emiliano/Embebidos/PdM_workspace/Practica_0_v2/Drivers/Core/Inc" -O0 -ffunction-sections -fdata-sections -Wall -fstack-usage -MMD -MP -MF"Drivers/STM32F4xx_HAL_Driver/Src/stm32f4xx_hal_nor.d" -MT"Drivers/STM32F4xx_HAL_Driver/Src/stm32f4xx_hal_nor.o" --specs=nano.specs -mfpu=fpv4-sp-d16 -mfloat-abi=hard -mthumb -o "Drivers/STM32F4xx_HAL_Driver/Src/stm32f4xx_hal_nor.o"
arm-none-eabi-gcc "../Drivers/STM32F4xx_HAL_Driver/Src/stm32f4xx_hal_pccard.c" -mcpu=cortex-m4 -std=gnu11 -g3 -DDEBUG -DSTM32 -DSTM32F429ZITx -DSTM32F4 -DNUCLEO_F429ZI -DUSE_HAL_DRIVER -DSTM32F429xx -c -I../Inc -I"/home/emiliano/Embebidos/PdM_workspace/Practica_0_v2/Drivers/STM32F4xx_HAL_Driver/Inc" -I"/home/emiliano/Embebidos/PdM_workspace/Practica_0_v2/Drivers/CMSIS/Include" -I"/home/emiliano/Embebidos/PdM_workspace/Practica_0_v2/Drivers/CMSIS/Device/ST/STM32F4xx/Include" -I"/home/emiliano/Embebidos/PdM_workspace/Practica_0_v2/Drivers/BSP/STM32F4xx_Nucleo_144" -I"/home/emiliano/Embebidos/PdM_workspace/Practica_0_v2/Drivers/Core/Inc" -O0 -ffunction-sections -fdata-sections -Wall -fstack-usage -MMD -MP -MF"Drivers/STM32F4xx_HAL_Driver/Src/stm32f4xx_hal_pccard.d" -MT"Drivers/STM32F4xx_HAL_Driver/Src/stm32f4xx_hal_pccard.o" --specs=nano.specs -mfpu=fpv4-sp-d16 -mfloat-abi=hard -mthumb -o "Drivers/STM32F4xx_HAL_Driver/Src/stm32f4xx_hal_pccard.o"
arm-none-eabi-gcc "../Drivers/STM32F4xx_HAL_Driver/Src/stm32f4xx_hal_pcd.c" -mcpu=cortex-m4 -std=gnu11 -g3 -DDEBUG -DSTM32 -DSTM32F429ZITx -DSTM32F4 -DNUCLEO_F429ZI -DUSE_HAL_DRIVER -DSTM32F429xx -c -I../Inc -I"/home/emiliano/Embebidos/PdM_workspace/Practica_0_v2/Drivers/STM32F4xx_HAL_Driver/Inc" -I"/home/emiliano/Embebidos/PdM_workspace/Practica_0_v2/Drivers/CMSIS/Include" -I"/home/emiliano/Embebidos/PdM_workspace/Practica_0_v2/Drivers/CMSIS/Device/ST/STM32F4xx/Include" -I"/home/emiliano/Embebidos/PdM_workspace/Practica_0_v2/Drivers/BSP/STM32F4xx_Nucleo_144" -I"/home/emiliano/Embebidos/PdM_workspace/Practica_0_v2/Drivers/Core/Inc" -O0 -ffunction-sections -fdata-sections -Wall -fstack-usage -MMD -MP -MF"Drivers/STM32F4xx_HAL_Driver/Src/stm32f4xx_hal_pcd.d" -MT"Drivers/STM32F4xx_HAL_Driver/Src/stm32f4xx_hal_pcd.o" --specs=nano.specs -mfpu=fpv4-sp-d16 -mfloat-abi=hard -mthumb -o "Drivers/STM32F4xx_HAL_Driver/Src/stm32f4xx_hal_pcd.o"
arm-none-eabi-gcc "../Drivers/STM32F4xx_HAL_Driver/Src/stm32f4xx_hal_pcd_ex.c" -mcpu=cortex-m4 -std=gnu11 -g3 -DDEBUG -DSTM32 -DSTM32F429ZITx -DSTM32F4 -DNUCLEO_F429ZI -DUSE_HAL_DRIVER -DSTM32F429xx -c -I../Inc -I"/home/emiliano/Embebidos/PdM_workspace/Practica_0_v2/Drivers/STM32F4xx_HAL_Driver/Inc" -I"/home/emiliano/Embebidos/PdM_workspace/Practica_0_v2/Drivers/CMSIS/Include" -I"/home/emiliano/Embebidos/PdM_workspace/Practica_0_v2/Drivers/CMSIS/Device/ST/STM32F4xx/Include" -I"/home/emiliano/Embebidos/PdM_workspace/Practica_0_v2/Drivers/BSP/STM32F4xx_Nucleo_144" -I"/home/emiliano/Embebidos/PdM_workspace/Practica_0_v2/Drivers/Core/Inc" -O0 -ffunction-sections -fdata-sections -Wall -fstack-usage -MMD -MP -MF"Drivers/STM32F4xx_HAL_Driver/Src/stm32f4xx_hal_pcd_ex.d" -MT"Drivers/STM32F4xx_HAL_Driver/Src/stm32f4xx_hal_pcd_ex.o" --specs=nano.specs -mfpu=fpv4-sp-d16 -mfloat-abi=hard -mthumb -o "Drivers/STM32F4xx_HAL_Driver/Src/stm32f4xx_hal_pcd_ex.o"
arm-none-eabi-gcc "../Drivers/STM32F4xx_HAL_Driver/Src/stm32f4xx_hal_pwr.c" -mcpu=cortex-m4 -std=gnu11 -g3 -DDEBUG -DSTM32 -DSTM32F429ZITx -DSTM32F4 -DNUCLEO_F429ZI -DUSE_HAL_DRIVER -DSTM32F429xx -c -I../Inc -I"/home/emiliano/Embebidos/PdM_workspace/Practica_0_v2/Drivers/STM32F4xx_HAL_Driver/Inc" -I"/home/emiliano/Embebidos/PdM_workspace/Practica_0_v2/Drivers/CMSIS/Include" -I"/home/emiliano/Embebidos/PdM_workspace/Practica_0_v2/Drivers/CMSIS/Device/ST/STM32F4xx/Include" -I"/home/emiliano/Embebidos/PdM_workspace/Practica_0_v2/Drivers/BSP/STM32F4xx_Nucleo_144" -I"/home/emiliano/Embebidos/PdM_workspace/Practica_0_v2/Drivers/Core/Inc" -O0 -ffunction-sections -fdata-sections -Wall -fstack-usage -MMD -MP -MF"Drivers/STM32F4xx_HAL_Driver/Src/stm32f4xx_hal_pwr.d" -MT"Drivers/STM32F4xx_HAL_Driver/Src/stm32f4xx_hal_pwr.o" --specs=nano.specs -mfpu=fpv4-sp-d16 -mfloat-abi=hard -mthumb -o "Drivers/STM32F4xx_HAL_Driver/Src/stm32f4xx_hal_pwr.o"
arm-none-eabi-gcc "../Drivers/STM32F4xx_HAL_Driver/Src/stm32f4xx_hal_pwr_ex.c" -mcpu=cortex-m4 -std=gnu11 -g3 -DDEBUG -DSTM32 -DSTM32F429ZITx -DSTM32F4 -DNUCLEO_F429ZI -DUSE_HAL_DRIVER -DSTM32F429xx -c -I../Inc -I"/home/emiliano/Embebidos/PdM_workspace/Practica_0_v2/Drivers/STM32F4xx_HAL_Driver/Inc" -I"/home/emiliano/Embebidos/PdM_workspace/Practica_0_v2/Drivers/CMSIS/Include" -I"/home/emiliano/Embebidos/PdM_workspace/Practica_0_v2/Drivers/CMSIS/Device/ST/STM32F4xx/Include" -I"/home/emiliano/Embebidos/PdM_workspace/Practica_0_v2/Drivers/BSP/STM32F4xx_Nucleo_144" -I"/home/emiliano/Embebidos/PdM_workspace/Practica_0_v2/Drivers/Core/Inc" -O0 -ffunction-sections -fdata-sections -Wall -fstack-usage -MMD -MP -MF"Drivers/STM32F4xx_HAL_Driver/Src/stm32f4xx_hal_pwr_ex.d" -MT"Drivers/STM32F4xx_HAL_Driver/Src/stm32f4xx_hal_pwr_ex.o" --specs=nano.specs -mfpu=fpv4-sp-d16 -mfloat-abi=hard -mthumb -o "Drivers/STM32F4xx_HAL_Driver/Src/stm32f4xx_hal_pwr_ex.o"
arm-none-eabi-gcc "../Drivers/STM32F4xx_HAL_Driver/Src/stm32f4xx_hal_qspi.c" -mcpu=cortex-m4 -std=gnu11 -g3 -DDEBUG -DSTM32 -DSTM32F429ZITx -DSTM32F4 -DNUCLEO_F429ZI -DUSE_HAL_DRIVER -DSTM32F429xx -c -I../Inc -I"/home/emiliano/Embebidos/PdM_workspace/Practica_0_v2/Drivers/STM32F4xx_HAL_Driver/Inc" -I"/home/emiliano/Embebidos/PdM_workspace/Practica_0_v2/Drivers/CMSIS/Include" -I"/home/emiliano/Embebidos/PdM_workspace/Practica_0_v2/Drivers/CMSIS/Device/ST/STM32F4xx/Include" -I"/home/emiliano/Embebidos/PdM_workspace/Practica_0_v2/Drivers/BSP/STM32F4xx_Nucleo_144" -I"/home/emiliano/Embebidos/PdM_workspace/Practica_0_v2/Drivers/Core/Inc" -O0 -ffunction-sections -fdata-sections -Wall -fstack-usage -MMD -MP -MF"Drivers/STM32F4xx_HAL_Driver/Src/stm32f4xx_hal_qspi.d" -MT"Drivers/STM32F4xx_HAL_Driver/Src/stm32f4xx_hal_qspi.o" --specs=nano.specs -mfpu=fpv4-sp-d16 -mfloat-abi=hard -mthumb -o "Drivers/STM32F4xx_HAL_Driver/Src/stm32f4xx_hal_qspi.o"
arm-none-eabi-gcc "../Drivers/STM32F4xx_HAL_Driver/Src/stm32f4xx_hal_rcc.c" -mcpu=cortex-m4 -std=gnu11 -g3 -DDEBUG -DSTM32 -DSTM32F429ZITx -DSTM32F4 -DNUCLEO_F429ZI -DUSE_HAL_DRIVER -DSTM32F429xx -c -I../Inc -I"/home/emiliano/Embebidos/PdM_workspace/Practica_0_v2/Drivers/STM32F4xx_HAL_Driver/Inc" -I"/home/emiliano/Embebidos/PdM_workspace/Practica_0_v2/Drivers/CMSIS/Include" -I"/home/emiliano/Embebidos/PdM_workspace/Practica_0_v2/Drivers/CMSIS/Device/ST/STM32F4xx/Include" -I"/home/emiliano/Embebidos/PdM_workspace/Practica_0_v2/Drivers/BSP/STM32F4xx_Nucleo_144" -I"/home/emiliano/Embebidos/PdM_workspace/Practica_0_v2/Drivers/Core/Inc" -O0 -ffunction-sections -fdata-sections -Wall -fstack-usage -MMD -MP -MF"Drivers/STM32F4xx_HAL_Driver/Src/stm32f4xx_hal_rcc.d" -MT"Drivers/STM32F4xx_HAL_Driver/Src/stm32f4xx_hal_rcc.o" --specs=nano.specs -mfpu=fpv4-sp-d16 -mfloat-abi=hard -mthumb -o "Drivers/STM32F4xx_HAL_Driver/Src/stm32f4xx_hal_rcc.o"
arm-none-eabi-gcc "../Drivers/STM32F4xx_HAL_Driver/Src/stm32f4xx_hal_rcc_ex.c" -mcpu=cortex-m4 -std=gnu11 -g3 -DDEBUG -DSTM32 -DSTM32F429ZITx -DSTM32F4 -DNUCLEO_F429ZI -DUSE_HAL_DRIVER -DSTM32F429xx -c -I../Inc -I"/home/emiliano/Embebidos/PdM_workspace/Practica_0_v2/Drivers/STM32F4xx_HAL_Driver/Inc" -I"/home/emiliano/Embebidos/PdM_workspace/Practica_0_v2/Drivers/CMSIS/Include" -I"/home/emiliano/Embebidos/PdM_workspace/Practica_0_v2/Drivers/CMSIS/Device/ST/STM32F4xx/Include" -I"/home/emiliano/Embebidos/PdM_workspace/Practica_0_v2/Drivers/BSP/STM32F4xx_Nucleo_144" -I"/home/emiliano/Embebidos/PdM_workspace/Practica_0_v2/Drivers/Core/Inc" -O0 -ffunction-sections -fdata-sections -Wall -fstack-usage -MMD -MP -MF"Drivers/STM32F4xx_HAL_Driver/Src/stm32f4xx_hal_rcc_ex.d" -MT"Drivers/STM32F4xx_HAL_Driver/Src/stm32f4xx_hal_rcc_ex.o" --specs=nano.specs -mfpu=fpv4-sp-d16 -mfloat-abi=hard -mthumb -o "Drivers/STM32F4xx_HAL_Driver/Src/stm32f4xx_hal_rcc_ex.o"
arm-none-eabi-gcc "../Drivers/STM32F4xx_HAL_Driver/Src/stm32f4xx_hal_rng.c" -mcpu=cortex-m4 -std=gnu11 -g3 -DDEBUG -DSTM32 -DSTM32F429ZITx -DSTM32F4 -DNUCLEO_F429ZI -DUSE_HAL_DRIVER -DSTM32F429xx -c -I../Inc -I"/home/emiliano/Embebidos/PdM_workspace/Practica_0_v2/Drivers/STM32F4xx_HAL_Driver/Inc" -I"/home/emiliano/Embebidos/PdM_workspace/Practica_0_v2/Drivers/CMSIS/Include" -I"/home/emiliano/Embebidos/PdM_workspace/Practica_0_v2/Drivers/CMSIS/Device/ST/STM32F4xx/Include" -I"/home/emiliano/Embebidos/PdM_workspace/Practica_0_v2/Drivers/BSP/STM32F4xx_Nucleo_144" -I"/home/emiliano/Embebidos/PdM_workspace/Practica_0_v2/Drivers/Core/Inc" -O0 -ffunction-sections -fdata-sections -Wall -fstack-usage -MMD -MP -MF"Drivers/STM32F4xx_HAL_Driver/Src/stm32f4xx_hal_rng.d" -MT"Drivers/STM32F4xx_HAL_Driver/Src/stm32f4xx_hal_rng.o" --specs=nano.specs -mfpu=fpv4-sp-d16 -mfloat-abi=hard -mthumb -o "Drivers/STM32F4xx_HAL_Driver/Src/stm32f4xx_hal_rng.o"
arm-none-eabi-gcc "../Drivers/STM32F4xx_HAL_Driver/Src/stm32f4xx_hal_rtc.c" -mcpu=cortex-m4 -std=gnu11 -g3 -DDEBUG -DSTM32 -DSTM32F429ZITx -DSTM32F4 -DNUCLEO_F429ZI -DUSE_HAL_DRIVER -DSTM32F429xx -c -I../Inc -I"/home/emiliano/Embebidos/PdM_workspace/Practica_0_v2/Drivers/STM32F4xx_HAL_Driver/Inc" -I"/home/emiliano/Embebidos/PdM_workspace/Practica_0_v2/Drivers/CMSIS/Include" -I"/home/emiliano/Embebidos/PdM_workspace/Practica_0_v2/Drivers/CMSIS/Device/ST/STM32F4xx/Include" -I"/home/emiliano/Embebidos/PdM_workspace/Practica_0_v2/Drivers/BSP/STM32F4xx_Nucleo_144" -I"/home/emiliano/Embebidos/PdM_workspace/Practica_0_v2/Drivers/Core/Inc" -O0 -ffunction-sections -fdata-sections -Wall -fstack-usage -MMD -MP -MF"Drivers/STM32F4xx_HAL_Driver/Src/stm32f4xx_hal_rtc.d" -MT"Drivers/STM32F4xx_HAL_Driver/Src/stm32f4xx_hal_rtc.o" --specs=nano.specs -mfpu=fpv4-sp-d16 -mfloat-abi=hard -mthumb -o "Drivers/STM32F4xx_HAL_Driver/Src/stm32f4xx_hal_rtc.o"
arm-none-eabi-gcc "../Drivers/STM32F4xx_HAL_Driver/Src/stm32f4xx_hal_rtc_ex.c" -mcpu=cortex-m4 -std=gnu11 -g3 -DDEBUG -DSTM32 -DSTM32F429ZITx -DSTM32F4 -DNUCLEO_F429ZI -DUSE_HAL_DRIVER -DSTM32F429xx -c -I../Inc -I"/home/emiliano/Embebidos/PdM_workspace/Practica_0_v2/Drivers/STM32F4xx_HAL_Driver/Inc" -I"/home/emiliano/Embebidos/PdM_workspace/Practica_0_v2/Drivers/CMSIS/Include" -I"/home/emiliano/Embebidos/PdM_workspace/Practica_0_v2/Drivers/CMSIS/Device/ST/STM32F4xx/Include" -I"/home/emiliano/Embebidos/PdM_workspace/Practica_0_v2/Drivers/BSP/STM32F4xx_Nucleo_144" -I"/home/emiliano/Embebidos/PdM_workspace/Practica_0_v2/Drivers/Core/Inc" -O0 -ffunction-sections -fdata-sections -Wall -fstack-usage -MMD -MP -MF"Drivers/STM32F4xx_HAL_Driver/Src/stm32f4xx_hal_rtc_ex.d" -MT"Drivers/STM32F4xx_HAL_Driver/Src/stm32f4xx_hal_rtc_ex.o" --specs=nano.specs -mfpu=fpv4-sp-d16 -mfloat-abi=hard -mthumb -o "Drivers/STM32F4xx_HAL_Driver/Src/stm32f4xx_hal_rtc_ex.o"
arm-none-eabi-gcc "../Drivers/STM32F4xx_HAL_Driver/Src/stm32f4xx_hal_sai.c" -mcpu=cortex-m4 -std=gnu11 -g3 -DDEBUG -DSTM32 -DSTM32F429ZITx -DSTM32F4 -DNUCLEO_F429ZI -DUSE_HAL_DRIVER -DSTM32F429xx -c -I../Inc -I"/home/emiliano/Embebidos/PdM_workspace/Practica_0_v2/Drivers/STM32F4xx_HAL_Driver/Inc" -I"/home/emiliano/Embebidos/PdM_workspace/Practica_0_v2/Drivers/CMSIS/Include" -I"/home/emiliano/Embebidos/PdM_workspace/Practica_0_v2/Drivers/CMSIS/Device/ST/STM32F4xx/Include" -I"/home/emiliano/Embebidos/PdM_workspace/Practica_0_v2/Drivers/BSP/STM32F4xx_Nucleo_144" -I"/home/emiliano/Embebidos/PdM_workspace/Practica_0_v2/Drivers/Core/Inc" -O0 -ffunction-sections -fdata-sections -Wall -fstack-usage -MMD -MP -MF"Drivers/STM32F4xx_HAL_Driver/Src/stm32f4xx_hal_sai.d" -MT"Drivers/STM32F4xx_HAL_Driver/Src/stm32f4xx_hal_sai.o" --specs=nano.specs -mfpu=fpv4-sp-d16 -mfloat-abi=hard -mthumb -o "Drivers/STM32F4xx_HAL_Driver/Src/stm32f4xx_hal_sai.o"
arm-none-eabi-gcc "../Drivers/STM32F4xx_HAL_Driver/Src/stm32f4xx_hal_sai_ex.c" -mcpu=cortex-m4 -std=gnu11 -g3 -DDEBUG -DSTM32 -DSTM32F429ZITx -DSTM32F4 -DNUCLEO_F429ZI -DUSE_HAL_DRIVER -DSTM32F429xx -c -I../Inc -I"/home/emiliano/Embebidos/PdM_workspace/Practica_0_v2/Drivers/STM32F4xx_HAL_Driver/Inc" -I"/home/emiliano/Embebidos/PdM_workspace/Practica_0_v2/Drivers/CMSIS/Include" -I"/home/emiliano/Embebidos/PdM_workspace/Practica_0_v2/Drivers/CMSIS/Device/ST/STM32F4xx/Include" -I"/home/emiliano/Embebidos/PdM_workspace/Practica_0_v2/Drivers/BSP/STM32F4xx_Nucleo_144" -I"/home/emiliano/Embebidos/PdM_workspace/Practica_0_v2/Drivers/Core/Inc" -O0 -ffunction-sections -fdata-sections -Wall -fstack-usage -MMD -MP -MF"Drivers/STM32F4xx_HAL_Driver/Src/stm32f4xx_hal_sai_ex.d" -MT"Drivers/STM32F4xx_HAL_Driver/Src/stm32f4xx_hal_sai_ex.o" --specs=nano.specs -mfpu=fpv4-sp-d16 -mfloat-abi=hard -mthumb -o "Drivers/STM32F4xx_HAL_Driver/Src/stm32f4xx_hal_sai_ex.o"
arm-none-eabi-gcc "../Drivers/STM32F4xx_HAL_Driver/Src/stm32f4xx_hal_sd.c" -mcpu=cortex-m4 -std=gnu11 -g3 -DDEBUG -DSTM32 -DSTM32F429ZITx -DSTM32F4 -DNUCLEO_F429ZI -DUSE_HAL_DRIVER -DSTM32F429xx -c -I../Inc -I"/home/emiliano/Embebidos/PdM_workspace/Practica_0_v2/Drivers/STM32F4xx_HAL_Driver/Inc" -I"/home/emiliano/Embebidos/PdM_workspace/Practica_0_v2/Drivers/CMSIS/Include" -I"/home/emiliano/Embebidos/PdM_workspace/Practica_0_v2/Drivers/CMSIS/Device/ST/STM32F4xx/Include" -I"/home/emiliano/Embebidos/PdM_workspace/Practica_0_v2/Drivers/BSP/STM32F4xx_Nucleo_144" -I"/home/emiliano/Embebidos/PdM_workspace/Practica_0_v2/Drivers/Core/Inc" -O0 -ffunction-sections -fdata-sections -Wall -fstack-usage -MMD -MP -MF"Drivers/STM32F4xx_HAL_Driver/Src/stm32f4xx_hal_sd.d" -MT"Drivers/STM32F4xx_HAL_Driver/Src/stm32f4xx_hal_sd.o" --specs=nano.specs -mfpu=fpv4-sp-d16 -mfloat-abi=hard -mthumb -o "Drivers/STM32F4xx_HAL_Driver/Src/stm32f4xx_hal_sd.o"
arm-none-eabi-gcc "../Drivers/STM32F4xx_HAL_Driver/Src/stm32f4xx_hal_sdram.c" -mcpu=cortex-m4 -std=gnu11 -g3 -DDEBUG -DSTM32 -DSTM32F429ZITx -DSTM32F4 -DNUCLEO_F429ZI -DUSE_HAL_DRIVER -DSTM32F429xx -c -I../Inc -I"/home/emiliano/Embebidos/PdM_workspace/Practica_0_v2/Drivers/STM32F4xx_HAL_Driver/Inc" -I"/home/emiliano/Embebidos/PdM_workspace/Practica_0_v2/Drivers/CMSIS/Include" -I"/home/emiliano/Embebidos/PdM_workspace/Practica_0_v2/Drivers/CMSIS/Device/ST/STM32F4xx/Include" -I"/home/emiliano/Embebidos/PdM_workspace/Practica_0_v2/Drivers/BSP/STM32F4xx_Nucleo_144" -I"/home/emiliano/Embebidos/PdM_workspace/Practica_0_v2/Drivers/Core/Inc" -O0 -ffunction-sections -fdata-sections -Wall -fstack-usage -MMD -MP -MF"Drivers/STM32F4xx_HAL_Driver/Src/stm32f4xx_hal_sdram.d" -MT"Drivers/STM32F4xx_HAL_Driver/Src/stm32f4xx_hal_sdram.o" --specs=nano.specs -mfpu=fpv4-sp-d16 -mfloat-abi=hard -mthumb -o "Drivers/STM32F4xx_HAL_Driver/Src/stm32f4xx_hal_sdram.o"
arm-none-eabi-gcc "../Drivers/STM32F4xx_HAL_Driver/Src/stm32f4xx_hal_smartcard.c" -mcpu=cortex-m4 -std=gnu11 -g3 -DDEBUG -DSTM32 -DSTM32F429ZITx -DSTM32F4 -DNUCLEO_F429ZI -DUSE_HAL_DRIVER -DSTM32F429xx -c -I../Inc -I"/home/emiliano/Embebidos/PdM_workspace/Practica_0_v2/Drivers/STM32F4xx_HAL_Driver/Inc" -I"/home/emiliano/Embebidos/PdM_workspace/Practica_0_v2/Drivers/CMSIS/Include" -I"/home/emiliano/Embebidos/PdM_workspace/Practica_0_v2/Drivers/CMSIS/Device/ST/STM32F4xx/Include" -I"/home/emiliano/Embebidos/PdM_workspace/Practica_0_v2/Drivers/BSP/STM32F4xx_Nucleo_144" -I"/home/emiliano/Embebidos/PdM_workspace/Practica_0_v2/Drivers/Core/Inc" -O0 -ffunction-sections -fdata-sections -Wall -fstack-usage -MMD -MP -MF"Drivers/STM32F4xx_HAL_Driver/Src/stm32f4xx_hal_smartcard.d" -MT"Drivers/STM32F4xx_HAL_Driver/Src/stm32f4xx_hal_smartcard.o" --specs=nano.specs -mfpu=fpv4-sp-d16 -mfloat-abi=hard -mthumb -o "Drivers/STM32F4xx_HAL_Driver/Src/stm32f4xx_hal_smartcard.o"
arm-none-eabi-gcc "../Drivers/STM32F4xx_HAL_Driver/Src/stm32f4xx_hal_smbus.c" -mcpu=cortex-m4 -std=gnu11 -g3 -DDEBUG -DSTM32 -DSTM32F429ZITx -DSTM32F4 -DNUCLEO_F429ZI -DUSE_HAL_DRIVER -DSTM32F429xx -c -I../Inc -I"/home/emiliano/Embebidos/PdM_workspace/Practica_0_v2/Drivers/STM32F4xx_HAL_Driver/Inc" -I"/home/emiliano/Embebidos/PdM_workspace/Practica_0_v2/Drivers/CMSIS/Include" -I"/home/emiliano/Embebidos/PdM_workspace/Practica_0_v2/Drivers/CMSIS/Device/ST/STM32F4xx/Include" -I"/home/emiliano/Embebidos/PdM_workspace/Practica_0_v2/Drivers/BSP/STM32F4xx_Nucleo_144" -I"/home/emiliano/Embebidos/PdM_workspace/Practica_0_v2/Drivers/Core/Inc" -O0 -ffunction-sections -fdata-sections -Wall -fstack-usage -MMD -MP -MF"Drivers/STM32F4xx_HAL_Driver/Src/stm32f4xx_hal_smbus.d" -MT"Drivers/STM32F4xx_HAL_Driver/Src/stm32f4xx_hal_smbus.o" --specs=nano.specs -mfpu=fpv4-sp-d16 -mfloat-abi=hard -mthumb -o "Drivers/STM32F4xx_HAL_Driver/Src/stm32f4xx_hal_smbus.o"
arm-none-eabi-gcc "../Drivers/STM32F4xx_HAL_Driver/Src/stm32f4xx_hal_spdifrx.c" -mcpu=cortex-m4 -std=gnu11 -g3 -DDEBUG -DSTM32 -DSTM32F429ZITx -DSTM32F4 -DNUCLEO_F429ZI -DUSE_HAL_DRIVER -DSTM32F429xx -c -I../Inc -I"/home/emiliano/Embebidos/PdM_workspace/Practica_0_v2/Drivers/STM32F4xx_HAL_Driver/Inc" -I"/home/emiliano/Embebidos/PdM_workspace/Practica_0_v2/Drivers/CMSIS/Include" -I"/home/emiliano/Embebidos/PdM_workspace/Practica_0_v2/Drivers/CMSIS/Device/ST/STM32F4xx/Include" -I"/home/emiliano/Embebidos/PdM_workspace/Practica_0_v2/Drivers/BSP/STM32F4xx_Nucleo_144" -I"/home/emiliano/Embebidos/PdM_workspace/Practica_0_v2/Drivers/Core/Inc" -O0 -ffunction-sections -fdata-sections -Wall -fstack-usage -MMD -MP -MF"Drivers/STM32F4xx_HAL_Driver/Src/stm32f4xx_hal_spdifrx.d" -MT"Drivers/STM32F4xx_HAL_Driver/Src/stm32f4xx_hal_spdifrx.o" --specs=nano.specs -mfpu=fpv4-sp-d16 -mfloat-abi=hard -mthumb -o "Drivers/STM32F4xx_HAL_Driver/Src/stm32f4xx_hal_spdifrx.o"
arm-none-eabi-gcc "../Drivers/STM32F4xx_HAL_Driver/Src/stm32f4xx_hal_spi.c" -mcpu=cortex-m4 -std=gnu11 -g3 -DDEBUG -DSTM32 -DSTM32F429ZITx -DSTM32F4 -DNUCLEO_F429ZI -DUSE_HAL_DRIVER -DSTM32F429xx -c -I../Inc -I"/home/emiliano/Embebidos/PdM_workspace/Practica_0_v2/Drivers/STM32F4xx_HAL_Driver/Inc" -I"/home/emiliano/Embebidos/PdM_workspace/Practica_0_v2/Drivers/CMSIS/Include" -I"/home/emiliano/Embebidos/PdM_workspace/Practica_0_v2/Drivers/CMSIS/Device/ST/STM32F4xx/Include" -I"/home/emiliano/Embebidos/PdM_workspace/Practica_0_v2/Drivers/BSP/STM32F4xx_Nucleo_144" -I"/home/emiliano/Embebidos/PdM_workspace/Practica_0_v2/Drivers/Core/Inc" -O0 -ffunction-sections -fdata-sections -Wall -fstack-usage -MMD -MP -MF"Drivers/STM32F4xx_HAL_Driver/Src/stm32f4xx_hal_spi.d" -MT"Drivers/STM32F4xx_HAL_Driver/Src/stm32f4xx_hal_spi.o" --specs=nano.specs -mfpu=fpv4-sp-d16 -mfloat-abi=hard -mthumb -o "Drivers/STM32F4xx_HAL_Driver/Src/stm32f4xx_hal_spi.o"
arm-none-eabi-gcc "../Drivers/STM32F4xx_HAL_Driver/Src/stm32f4xx_hal_sram.c" -mcpu=cortex-m4 -std=gnu11 -g3 -DDEBUG -DSTM32 -DSTM32F429ZITx -DSTM32F4 -DNUCLEO_F429ZI -DUSE_HAL_DRIVER -DSTM32F429xx -c -I../Inc -I"/home/emiliano/Embebidos/PdM_workspace/Practica_0_v2/Drivers/STM32F4xx_HAL_Driver/Inc" -I"/home/emiliano/Embebidos/PdM_workspace/Practica_0_v2/Drivers/CMSIS/Include" -I"/home/emiliano/Embebidos/PdM_workspace/Practica_0_v2/Drivers/CMSIS/Device/ST/STM32F4xx/Include" -I"/home/emiliano/Embebidos/PdM_workspace/Practica_0_v2/Drivers/BSP/STM32F4xx_Nucleo_144" -I"/home/emiliano/Embebidos/PdM_workspace/Practica_0_v2/Drivers/Core/Inc" -O0 -ffunction-sections -fdata-sections -Wall -fstack-usage -MMD -MP -MF"Drivers/STM32F4xx_HAL_Driver/Src/stm32f4xx_hal_sram.d" -MT"Drivers/STM32F4xx_HAL_Driver/Src/stm32f4xx_hal_sram.o" --specs=nano.specs -mfpu=fpv4-sp-d16 -mfloat-abi=hard -mthumb -o "Drivers/STM32F4xx_HAL_Driver/Src/stm32f4xx_hal_sram.o"
arm-none-eabi-gcc "../Drivers/STM32F4xx_HAL_Driver/Src/stm32f4xx_hal_tim.c" -mcpu=cortex-m4 -std=gnu11 -g3 -DDEBUG -DSTM32 -DSTM32F429ZITx -DSTM32F4 -DNUCLEO_F429ZI -DUSE_HAL_DRIVER -DSTM32F429xx -c -I../Inc -I"/home/emiliano/Embebidos/PdM_workspace/Practica_0_v2/Drivers/STM32F4xx_HAL_Driver/Inc" -I"/home/emiliano/Embebidos/PdM_workspace/Practica_0_v2/Drivers/CMSIS/Include" -I"/home/emiliano/Embebidos/PdM_workspace/Practica_0_v2/Drivers/CMSIS/Device/ST/STM32F4xx/Include" -I"/home/emiliano/Embebidos/PdM_workspace/Practica_0_v2/Drivers/BSP/STM32F4xx_Nucleo_144" -I"/home/emiliano/Embebidos/PdM_workspace/Practica_0_v2/Drivers/Core/Inc" -O0 -ffunction-sections -fdata-sections -Wall -fstack-usage -MMD -MP -MF"Drivers/STM32F4xx_HAL_Driver/Src/stm32f4xx_hal_tim.d" -MT"Drivers/STM32F4xx_HAL_Driver/Src/stm32f4xx_hal_tim.o" --specs=nano.specs -mfpu=fpv4-sp-d16 -mfloat-abi=hard -mthumb -o "Drivers/STM32F4xx_HAL_Driver/Src/stm32f4xx_hal_tim.o"
arm-none-eabi-gcc "../Drivers/STM32F4xx_HAL_Driver/Src/stm32f4xx_hal_tim_ex.c" -mcpu=cortex-m4 -std=gnu11 -g3 -DDEBUG -DSTM32 -DSTM32F429ZITx -DSTM32F4 -DNUCLEO_F429ZI -DUSE_HAL_DRIVER -DSTM32F429xx -c -I../Inc -I"/home/emiliano/Embebidos/PdM_workspace/Practica_0_v2/Drivers/STM32F4xx_HAL_Driver/Inc" -I"/home/emiliano/Embebidos/PdM_workspace/Practica_0_v2/Drivers/CMSIS/Include" -I"/home/emiliano/Embebidos/PdM_workspace/Practica_0_v2/Drivers/CMSIS/Device/ST/STM32F4xx/Include" -I"/home/emiliano/Embebidos/PdM_workspace/Practica_0_v2/Drivers/BSP/STM32F4xx_Nucleo_144" -I"/home/emiliano/Embebidos/PdM_workspace/Practica_0_v2/Drivers/Core/Inc" -O0 -ffunction-sections -fdata-sections -Wall -fstack-usage -MMD -MP -MF"Drivers/STM32F4xx_HAL_Driver/Src/stm32f4xx_hal_tim_ex.d" -MT"Drivers/STM32F4xx_HAL_Driver/Src/stm32f4xx_hal_tim_ex.o" --specs=nano.specs -mfpu=fpv4-sp-d16 -mfloat-abi=hard -mthumb -o "Drivers/STM32F4xx_HAL_Driver/Src/stm32f4xx_hal_tim_ex.o"
arm-none-eabi-gcc "../Drivers/STM32F4xx_HAL_Driver/Src/stm32f4xx_hal_uart.c" -mcpu=cortex-m4 -std=gnu11 -g3 -DDEBUG -DSTM32 -DSTM32F429ZITx -DSTM32F4 -DNUCLEO_F429ZI -DUSE_HAL_DRIVER -DSTM32F429xx -c -I../Inc -I"/home/emiliano/Embebidos/PdM_workspace/Practica_0_v2/Drivers/STM32F4xx_HAL_Driver/Inc" -I"/home/emiliano/Embebidos/PdM_workspace/Practica_0_v2/Drivers/CMSIS/Include" -I"/home/emiliano/Embebidos/PdM_workspace/Practica_0_v2/Drivers/CMSIS/Device/ST/STM32F4xx/Include" -I"/home/emiliano/Embebidos/PdM_workspace/Practica_0_v2/Drivers/BSP/STM32F4xx_Nucleo_144" -I"/home/emiliano/Embebidos/PdM_workspace/Practica_0_v2/Drivers/Core/Inc" -O0 -ffunction-sections -fdata-sections -Wall -fstack-usage -MMD -MP -MF"Drivers/STM32F4xx_HAL_Driver/Src/stm32f4xx_hal_uart.d" -MT"Drivers/STM32F4xx_HAL_Driver/Src/stm32f4xx_hal_uart.o" --specs=nano.specs -mfpu=fpv4-sp-d16 -mfloat-abi=hard -mthumb -o "Drivers/STM32F4xx_HAL_Driver/Src/stm32f4xx_hal_uart.o"
arm-none-eabi-gcc "../Drivers/STM32F4xx_HAL_Driver/Src/stm32f4xx_hal_usart.c" -mcpu=cortex-m4 -std=gnu11 -g3 -DDEBUG -DSTM32 -DSTM32F429ZITx -DSTM32F4 -DNUCLEO_F429ZI -DUSE_HAL_DRIVER -DSTM32F429xx -c -I../Inc -I"/home/emiliano/Embebidos/PdM_workspace/Practica_0_v2/Drivers/STM32F4xx_HAL_Driver/Inc" -I"/home/emiliano/Embebidos/PdM_workspace/Practica_0_v2/Drivers/CMSIS/Include" -I"/home/emiliano/Embebidos/PdM_workspace/Practica_0_v2/Drivers/CMSIS/Device/ST/STM32F4xx/Include" -I"/home/emiliano/Embebidos/PdM_workspace/Practica_0_v2/Drivers/BSP/STM32F4xx_Nucleo_144" -I"/home/emiliano/Embebidos/PdM_workspace/Practica_0_v2/Drivers/Core/Inc" -O0 -ffunction-sections -fdata-sections -Wall -fstack-usage -MMD -MP -MF"Drivers/STM32F4xx_HAL_Driver/Src/stm32f4xx_hal_usart.d" -MT"Drivers/STM32F4xx_HAL_Driver/Src/stm32f4xx_hal_usart.o" --specs=nano.specs -mfpu=fpv4-sp-d16 -mfloat-abi=hard -mthumb -o "Drivers/STM32F4xx_HAL_Driver/Src/stm32f4xx_hal_usart.o"
arm-none-eabi-gcc "../Drivers/STM32F4xx_HAL_Driver/Src/stm32f4xx_hal_wwdg.c" -mcpu=cortex-m4 -std=gnu11 -g3 -DDEBUG -DSTM32 -DSTM32F429ZITx -DSTM32F4 -DNUCLEO_F429ZI -DUSE_HAL_DRIVER -DSTM32F429xx -c -I../Inc -I"/home/emiliano/Embebidos/PdM_workspace/Practica_0_v2/Drivers/STM32F4xx_HAL_Driver/Inc" -I"/home/emiliano/Embebidos/PdM_workspace/Practica_0_v2/Drivers/CMSIS/Include" -I"/home/emiliano/Embebidos/PdM_workspace/Practica_0_v2/Drivers/CMSIS/Device/ST/STM32F4xx/Include" -I"/home/emiliano/Embebidos/PdM_workspace/Practica_0_v2/Drivers/BSP/STM32F4xx_Nucleo_144" -I"/home/emiliano/Embebidos/PdM_workspace/Practica_0_v2/Drivers/Core/Inc" -O0 -ffunction-sections -fdata-sections -Wall -fstack-usage -MMD -MP -MF"Drivers/STM32F4xx_HAL_Driver/Src/stm32f4xx_hal_wwdg.d" -MT"Drivers/STM32F4xx_HAL_Driver/Src/stm32f4xx_hal_wwdg.o" --specs=nano.specs -mfpu=fpv4-sp-d16 -mfloat-abi=hard -mthumb -o "Drivers/STM32F4xx_HAL_Driver/Src/stm32f4xx_hal_wwdg.o"
arm-none-eabi-gcc "../Drivers/STM32F4xx_HAL_Driver/Src/stm32f4xx_ll_adc.c" -mcpu=cortex-m4 -std=gnu11 -g3 -DDEBUG -DSTM32 -DSTM32F429ZITx -DSTM32F4 -DNUCLEO_F429ZI -DUSE_HAL_DRIVER -DSTM32F429xx -c -I../Inc -I"/home/emiliano/Embebidos/PdM_workspace/Practica_0_v2/Drivers/STM32F4xx_HAL_Driver/Inc" -I"/home/emiliano/Embebidos/PdM_workspace/Practica_0_v2/Drivers/CMSIS/Include" -I"/home/emiliano/Embebidos/PdM_workspace/Practica_0_v2/Drivers/CMSIS/Device/ST/STM32F4xx/Include" -I"/home/emiliano/Embebidos/PdM_workspace/Practica_0_v2/Drivers/BSP/STM32F4xx_Nucleo_144" -I"/home/emiliano/Embebidos/PdM_workspace/Practica_0_v2/Drivers/Core/Inc" -O0 -ffunction-sections -fdata-sections -Wall -fstack-usage -MMD -MP -MF"Drivers/STM32F4xx_HAL_Driver/Src/stm32f4xx_ll_adc.d" -MT"Drivers/STM32F4xx_HAL_Driver/Src/stm32f4xx_ll_adc.o" --specs=nano.specs -mfpu=fpv4-sp-d16 -mfloat-abi=hard -mthumb -o "Drivers/STM32F4xx_HAL_Driver/Src/stm32f4xx_ll_adc.o"
arm-none-eabi-gcc "../Drivers/STM32F4xx_HAL_Driver/Src/stm32f4xx_ll_crc.c" -mcpu=cortex-m4 -std=gnu11 -g3 -DDEBUG -DSTM32 -DSTM32F429ZITx -DSTM32F4 -DNUCLEO_F429ZI -DUSE_HAL_DRIVER -DSTM32F429xx -c -I../Inc -I"/home/emiliano/Embebidos/PdM_workspace/Practica_0_v2/Drivers/STM32F4xx_HAL_Driver/Inc" -I"/home/emiliano/Embebidos/PdM_workspace/Practica_0_v2/Drivers/CMSIS/Include" -I"/home/emiliano/Embebidos/PdM_workspace/Practica_0_v2/Drivers/CMSIS/Device/ST/STM32F4xx/Include" -I"/home/emiliano/Embebidos/PdM_workspace/Practica_0_v2/Drivers/BSP/STM32F4xx_Nucleo_144" -I"/home/emiliano/Embebidos/PdM_workspace/Practica_0_v2/Drivers/Core/Inc" -O0 -ffunction-sections -fdata-sections -Wall -fstack-usage -MMD -MP -MF"Drivers/STM32F4xx_HAL_Driver/Src/stm32f4xx_ll_crc.d" -MT"Drivers/STM32F4xx_HAL_Driver/Src/stm32f4xx_ll_crc.o" --specs=nano.specs -mfpu=fpv4-sp-d16 -mfloat-abi=hard -mthumb -o "Drivers/STM32F4xx_HAL_Driver/Src/stm32f4xx_ll_crc.o"
arm-none-eabi-gcc "../Drivers/STM32F4xx_HAL_Driver/Src/stm32f4xx_ll_dac.c" -mcpu=cortex-m4 -std=gnu11 -g3 -DDEBUG -DSTM32 -DSTM32F429ZITx -DSTM32F4 -DNUCLEO_F429ZI -DUSE_HAL_DRIVER -DSTM32F429xx -c -I../Inc -I"/home/emiliano/Embebidos/PdM_workspace/Practica_0_v2/Drivers/STM32F4xx_HAL_Driver/Inc" -I"/home/emiliano/Embebidos/PdM_workspace/Practica_0_v2/Drivers/CMSIS/Include" -I"/home/emiliano/Embebidos/PdM_workspace/Practica_0_v2/Drivers/CMSIS/Device/ST/STM32F4xx/Include" -I"/home/emiliano/Embebidos/PdM_workspace/Practica_0_v2/Drivers/BSP/STM32F4xx_Nucleo_144" -I"/home/emiliano/Embebidos/PdM_workspace/Practica_0_v2/Drivers/Core/Inc" -O0 -ffunction-sections -fdata-sections -Wall -fstack-usage -MMD -MP -MF"Drivers/STM32F4xx_HAL_Driver/Src/stm32f4xx_ll_dac.d" -MT"Drivers/STM32F4xx_HAL_Driver/Src/stm32f4xx_ll_dac.o" --specs=nano.specs -mfpu=fpv4-sp-d16 -mfloat-abi=hard -mthumb -o "Drivers/STM32F4xx_HAL_Driver/Src/stm32f4xx_ll_dac.o"
arm-none-eabi-gcc "../Drivers/STM32F4xx_HAL_Driver/Src/stm32f4xx_ll_dma.c" -mcpu=cortex-m4 -std=gnu11 -g3 -DDEBUG -DSTM32 -DSTM32F429ZITx -DSTM32F4 -DNUCLEO_F429ZI -DUSE_HAL_DRIVER -DSTM32F429xx -c -I../Inc -I"/home/emiliano/Embebidos/PdM_workspace/Practica_0_v2/Drivers/STM32F4xx_HAL_Driver/Inc" -I"/home/emiliano/Embebidos/PdM_workspace/Practica_0_v2/Drivers/CMSIS/Include" -I"/home/emiliano/Embebidos/PdM_workspace/Practica_0_v2/Drivers/CMSIS/Device/ST/STM32F4xx/Include" -I"/home/emiliano/Embebidos/PdM_workspace/Practica_0_v2/Drivers/BSP/STM32F4xx_Nucleo_144" -I"/home/emiliano/Embebidos/PdM_workspace/Practica_0_v2/Drivers/Core/Inc" -O0 -ffunction-sections -fdata-sections -Wall -fstack-usage -MMD -MP -MF"Drivers/STM32F4xx_HAL_Driver/Src/stm32f4xx_ll_dma.d" -MT"Drivers/STM32F4xx_HAL_Driver/Src/stm32f4xx_ll_dma.o" --specs=nano.specs -mfpu=fpv4-sp-d16 -mfloat-abi=hard -mthumb -o "Drivers/STM32F4xx_HAL_Driver/Src/stm32f4xx_ll_dma.o"
arm-none-eabi-gcc "../Drivers/STM32F4xx_HAL_Driver/Src/stm32f4xx_ll_dma2d.c" -mcpu=cortex-m4 -std=gnu11 -g3 -DDEBUG -DSTM32 -DSTM32F429ZITx -DSTM32F4 -DNUCLEO_F429ZI -DUSE_HAL_DRIVER -DSTM32F429xx -c -I../Inc -I"/home/emiliano/Embebidos/PdM_workspace/Practica_0_v2/Drivers/STM32F4xx_HAL_Driver/Inc" -I"/home/emiliano/Embebidos/PdM_workspace/Practica_0_v2/Drivers/CMSIS/Include" -I"/home/emiliano/Embebidos/PdM_workspace/Practica_0_v2/Drivers/CMSIS/Device/ST/STM32F4xx/Include" -I"/home/emiliano/Embebidos/PdM_workspace/Practica_0_v2/Drivers/BSP/STM32F4xx_Nucleo_144" -I"/home/emiliano/Embebidos/PdM_workspace/Practica_0_v2/Drivers/Core/Inc" -O0 -ffunction-sections -fdata-sections -Wall -fstack-usage -MMD -MP -MF"Drivers/STM32F4xx_HAL_Driver/Src/stm32f4xx_ll_dma2d.d" -MT"Drivers/STM32F4xx_HAL_Driver/Src/stm32f4xx_ll_dma2d.o" --specs=nano.specs -mfpu=fpv4-sp-d16 -mfloat-abi=hard -mthumb -o "Drivers/STM32F4xx_HAL_Driver/Src/stm32f4xx_ll_dma2d.o"
arm-none-eabi-gcc "../Drivers/STM32F4xx_HAL_Driver/Src/stm32f4xx_ll_exti.c" -mcpu=cortex-m4 -std=gnu11 -g3 -DDEBUG -DSTM32 -DSTM32F429ZITx -DSTM32F4 -DNUCLEO_F429ZI -DUSE_HAL_DRIVER -DSTM32F429xx -c -I../Inc -I"/home/emiliano/Embebidos/PdM_workspace/Practica_0_v2/Drivers/STM32F4xx_HAL_Driver/Inc" -I"/home/emiliano/Embebidos/PdM_workspace/Practica_0_v2/Drivers/CMSIS/Include" -I"/home/emiliano/Embebidos/PdM_workspace/Practica_0_v2/Drivers/CMSIS/Device/ST/STM32F4xx/Include" -I"/home/emiliano/Embebidos/PdM_workspace/Practica_0_v2/Drivers/BSP/STM32F4xx_Nucleo_144" -I"/home/emiliano/Embebidos/PdM_workspace/Practica_0_v2/Drivers/Core/Inc" -O0 -ffunction-sections -fdata-sections -Wall -fstack-usage -MMD -MP -MF"Drivers/STM32F4xx_HAL_Driver/Src/stm32f4xx_ll_exti.d" -MT"Drivers/STM32F4xx_HAL_Driver/Src/stm32f4xx_ll_exti.o" --specs=nano.specs -mfpu=fpv4-sp-d16 -mfloat-abi=hard -mthumb -o "Drivers/STM32F4xx_HAL_Driver/Src/stm32f4xx_ll_exti.o"
arm-none-eabi-gcc "../Drivers/STM32F4xx_HAL_Driver/Src/stm32f4xx_ll_fmc.c" -mcpu=cortex-m4 -std=gnu11 -g3 -DDEBUG -DSTM32 -DSTM32F429ZITx -DSTM32F4 -DNUCLEO_F429ZI -DUSE_HAL_DRIVER -DSTM32F429xx -c -I../Inc -I"/home/emiliano/Embebidos/PdM_workspace/Practica_0_v2/Drivers/STM32F4xx_HAL_Driver/Inc" -I"/home/emiliano/Embebidos/PdM_workspace/Practica_0_v2/Drivers/CMSIS/Include" -I"/home/emiliano/Embebidos/PdM_workspace/Practica_0_v2/Drivers/CMSIS/Device/ST/STM32F4xx/Include" -I"/home/emiliano/Embebidos/PdM_workspace/Practica_0_v2/Drivers/BSP/STM32F4xx_Nucleo_144" -I"/home/emiliano/Embebidos/PdM_workspace/Practica_0_v2/Drivers/Core/Inc" -O0 -ffunction-sections -fdata-sections -Wall -fstack-usage -MMD -MP -MF"Drivers/STM32F4xx_HAL_Driver/Src/stm32f4xx_ll_fmc.d" -MT"Drivers/STM32F4xx_HAL_Driver/Src/stm32f4xx_ll_fmc.o" --specs=nano.specs -mfpu=fpv4-sp-d16 -mfloat-abi=hard -mthumb -o "Drivers/STM32F4xx_HAL_Driver/Src/stm32f4xx_ll_fmc.o"
[...]
   31 | bool_t delayRead(delay_t *delay);
      |                  ~~~~~~~~~^~~~~
../Src/main.c:100:17: error: incompatible type for argument 1 of 'delayRead'
  100 |   if (delayRead(retardoLed3)) {
      |                 ^~~~~~~~~~~
      |                 |
      |                 delay_t {aka struct <anonymous>}
In file included from ../Src/main.c:23:
../Inc/API_delay.h:31:27: note: expected 'delay_t *' {aka 'struct <anonymous> *'} but argument is of type 'delay_t' {aka 'struct <anonymous>'}
   31 | bool_t delayRead(delay_t *delay);
      |                  ~~~~~~~~~^~~~~
make: *** [Src/subdir.mk:22: Src/main.o] Error 1
"make -j2 all" terminated with exit code 2. Build might be incomplete.
00:41:38 **** Incremental Build of configuration Debug for project Ej0_blinky ****
make -j2 all 
arm-none-eabi-size   Ej0_blinky.elf 
   text	   data	    bss	    dec	    hex	filename
   6228	     32	   1568	   7828	   1e94	Ej0_blinky.elf
Finished building: default.size.stdout
 
00:41:39 **** Incremental Build of configuration Debug for project Ej1_pushButton ****
make -j2 all 
arm-none-eabi-size   Ej1_pushButton.elf 
   text	   data	    bss	    dec	    hex	filename
   6556	     36	   1572	   8164	   1fe4	Ej1_pushButton.elf
Finished building: default.size.stdout
 
00:41:40 **** Incremental Build of configuration Debug for project Ejercicio_delayNB_1 ****
make -j2 all 
arm-none-eabi-size   Ejercicio_delayNB_1.elf 
   text	   data	    bss	    dec	    hex	filename
   6316	     32	   1568	   7916	   1eec	Ejercicio_delayNB_1.elf
Finished building: default.size.stdout
 
00:41:41 **** Incremental Build of configuration Debug for project Practica_0 ****
make -j2 all 
arm-none-eabi-size   Practica_0.elf 
   text	   data	    bss	    dec	    hex	filename
   6708	     36	   1572	   8316	   207c	Practica_0.elf
Finished building: default.size.stdout
 
00:41:42 **** Incremental Build of configuration Debug for project Practica_0_v2 ****
make -j2 all 
arm-none-eabi-size   Practica_0_v2.elf 
   text	   data	    bss	    dec	    hex	filename
   6708	     36	   1572	   8316	   207c	Practica_0_v2.elf
Finished building: default.size.stdout
 
00:41:43 **** Incremental Build of configuration Debug for project Practica_1 ****
make -j2 all 
arm-none-eabi-gcc "../Src/main.c" -mcpu=cortex-m4 -std=gnu11 -g3 -DDEBUG -DSTM32 -DSTM32F429ZITx -DSTM32F4 -DNUCLEO_F429ZI -DUSE_HAL_DRIVER -DSTM32F429xx -c -I../Inc -I"/home/emiliano/Embebidos/PdM_workspace/Practica_1/Drivers/STM32F4xx_HAL_Driver/Inc" -I"/home/emiliano/Embebidos/PdM_workspace/Practica_1/Drivers/CMSIS/Include" -I"/home/emiliano/Embebidos/PdM_workspace/Practica_1/Drivers/CMSIS/Device/ST/STM32F4xx/Include" -I"/home/emiliano/Embebidos/PdM_workspace/Practica_1/Drivers/BSP/STM32F4xx_Nucleo_144" -I"/home/emiliano/Embebidos/PdM_workspace/Practica_1/Drivers/Core/Inc" -O0 -ffunction-sections -fdata-sections -Wall -fstack-usage -MMD -MP -MF"Src/main.d" -MT"Src/main.o" --specs=nano.specs -mfpu=fpv4-sp-d16 -mfloat-abi=hard -mthumb -o "Src/main.o"
arm-none-eabi-gcc -o "Practica_1.elf" @"objects.list"   -mcpu=cortex-m4 -T"/home/emiliano/Embebidos/PdM_workspace/Practica_1/STM32F429ZITX_FLASH.ld" --specs=nosys.specs -Wl,-Map="Practica_1.map" -Wl,--gc-sections -static --specs=nano.specs -mfpu=fpv4-sp-d16 -mfloat-abi=hard -mthumb -Wl,--start-group -lc -lm -Wl,--end-group
Finished building target: Practica_1.elf
 
arm-none-eabi-size   Practica_1.elf 
arm-none-eabi-objdump -h -S  Practica_1.elf  > "Practica_1.list"
   text	   data	    bss	    dec	    hex	filename
   6400	     44	   1572	   8016	   1f50	Practica_1.elf
Finished building: default.size.stdout
 
arm-none-eabi-objcopy  -O binary  Practica_1.elf  "Practica_1.bin"
Finished building: Practica_1.bin
 
Finished building: Practica_1.list
 
00:42:10 **** Incremental Build of configuration Debug for project Practica_1 ****
make -j2 all 
arm-none-eabi-size   Practica_1.elf 
   text	   data	    bss	    dec	    hex	filename
   6400	     44	   1572	   8016	   1f50	Practica_1.elf
Finished building: default.size.stdout
 
01:07:50 **** Incremental Build of configuration Debug for project Ej0_blinky ****
make -j2 all 
arm-none-eabi-size   Ej0_blinky.elf 
   text	   data	    bss	    dec	    hex	filename
   6228	     32	   1568	   7828	   1e94	Ej0_blinky.elf
Finished building: default.size.stdout
 
01:07:52 **** Incremental Build of configuration Debug for project Ej1_pushButton ****
make -j2 all 
arm-none-eabi-size   Ej1_pushButton.elf 
   text	   data	    bss	    dec	    hex	filename
   6556	     36	   1572	   8164	   1fe4	Ej1_pushButton.elf
Finished building: default.size.stdout
 
01:07:53 **** Incremental Build of configuration Debug for project Ejercicio_delayNB_1 ****
make -j2 all 
arm-none-eabi-size   Ejercicio_delayNB_1.elf 
   text	   data	    bss	    dec	    hex	filename
   6316	     32	   1568	   7916	   1eec	Ejercicio_delayNB_1.elf
Finished building: default.size.stdout
 
01:07:54 **** Incremental Build of configuration Debug for project Practica_0 ****
make -j2 all 
arm-none-eabi-size   Practica_0.elf 
   text	   data	    bss	    dec	    hex	filename
   6708	     36	   1572	   8316	   207c	Practica_0.elf
Finished building: default.size.stdout
 
01:07:55 **** Incremental Build of configuration Debug for project Practica_0_v2 ****
make -j2 all 
arm-none-eabi-gcc "../Src/main.c" -mcpu=cortex-m4 -std=gnu11 -g3 -DDEBUG -DSTM32 -DSTM32F429ZITx -DSTM32F4 -DNUCLEO_F429ZI -DUSE_HAL_DRIVER -DSTM32F429xx -c -I../Inc -I"/home/emiliano/Embebidos/PdM_workspace/Practica_0_v2/Drivers/STM32F4xx_HAL_Driver/Inc" -I"/home/emiliano/Embebidos/PdM_workspace/Practica_0_v2/Drivers/CMSIS/Include" -I"/home/emiliano/Embebidos/PdM_workspace/Practica_0_v2/Drivers/CMSIS/Device/ST/STM32F4xx/Include" -I"/home/emiliano/Embebidos/PdM_workspace/Practica_0_v2/Drivers/BSP/STM32F4xx_Nucleo_144" -I"/home/emiliano/Embebidos/PdM_workspace/Practica_0_v2/Drivers/Core/Inc" -O0 -ffunction-sections -fdata-sections -Wall -fstack-usage -MMD -MP -MF"Src/main.d" -MT"Src/main.o" --specs=nano.specs -mfpu=fpv4-sp-d16 -mfloat-abi=hard -mthumb -o "Src/main.o"
../Src/main.c: In function 'main':
../Src/main.c:90:25: error: 'index' undeclared (first use in this function)
   90 |     BSP_LED_On(secuence[index]);
      |                         ^~~~~
../Src/main.c:90:25: note: each undeclared identifier is reported only once for each function it appears in
make: *** [Src/subdir.mk:19: Src/main.o] Error 1
"make -j2 all" terminated with exit code 2. Build might be incomplete.
01:07:56 **** Incremental Build of configuration Debug for project Practica_1 ****
make -j2 all 
arm-none-eabi-size   Practica_1.elf 
   text	   data	    bss	    dec	    hex	filename
   6400	     44	   1572	   8016	   1f50	Practica_1.elf
Finished building: default.size.stdout
 
01:08:47 **** Incremental Build of configuration Debug for project Ej0_blinky ****
make -j2 all 
arm-none-eabi-size   Ej0_blinky.elf 
   text	   data	    bss	    dec	    hex	filename
   6228	     32	   1568	   7828	   1e94	Ej0_blinky.elf
Finished building: default.size.stdout
 
01:08:48 **** Incremental Build of configuration Debug for project Ej1_pushButton ****
make -j2 all 
arm-none-eabi-size   Ej1_pushButton.elf 
   text	   data	    bss	    dec	    hex	filename
   6556	     36	   1572	   8164	   1fe4	Ej1_pushButton.elf
Finished building: default.size.stdout
 
01:08:49 **** Incremental Build of configuration Debug for project Ejercicio_delayNB_1 ****
make -j2 all 
arm-none-eabi-size   Ejercicio_delayNB_1.elf 
   text	   data	    bss	    dec	    hex	filename
   6316	     32	   1568	   7916	   1eec	Ejercicio_delayNB_1.elf
Finished building: default.size.stdout
 
01:08:51 **** Incremental Build of configuration Debug for project Practica_0 ****
make -j2 all 
arm-none-eabi-size   Practica_0.elf 
   text	   data	    bss	    dec	    hex	filename
   6708	     36	   1572	   8316	   207c	Practica_0.elf
Finished building: default.size.stdout
 
01:08:52 **** Incremental Build of configuration Debug for project Practica_0_v2 ****
make -j2 all 
arm-none-eabi-gcc "../Src/main.c" -mcpu=cortex-m4 -std=gnu11 -g3 -DDEBUG -DSTM32 -DSTM32F429ZITx -DSTM32F4 -DNUCLEO_F429ZI -DUSE_HAL_DRIVER -DSTM32F429xx -c -I../Inc -I"/home/emiliano/Embebidos/PdM_workspace/Practica_0_v2/Drivers/STM32F4xx_HAL_Driver/Inc" -I"/home/emiliano/Embebidos/PdM_workspace/Practica_0_v2/Drivers/CMSIS/Include" -I"/home/emiliano/Embebidos/PdM_workspace/Practica_0_v2/Drivers/CMSIS/Device/ST/STM32F4xx/Include" -I"/home/emiliano/Embebidos/PdM_workspace/Practica_0_v2/Drivers/BSP/STM32F4xx_Nucleo_144" -I"/home/emiliano/Embebidos/PdM_workspace/Practica_0_v2/Drivers/Core/Inc" -O0 -ffunction-sections -fdata-sections -Wall -fstack-usage -MMD -MP -MF"Src/main.d" -MT"Src/main.o" --specs=nano.specs -mfpu=fpv4-sp-d16 -mfloat-abi=hard -mthumb -o "Src/main.o"
../Src/main.c: In function 'main':
../Src/main.c:90:25: error: 'index' undeclared (first use in this function)
   90 |     BSP_LED_On(secuence[index]);
      |                         ^~~~~
../Src/main.c:90:25: note: each undeclared identifier is reported only once for each function it appears in
make: *** [Src/subdir.mk:19: Src/main.o] Error 1
"make -j2 all" terminated with exit code 2. Build might be incomplete.
01:08:53 **** Incremental Build of configuration Debug for project Practica_1 ****
make -j2 all 
arm-none-eabi-size   Practica_1.elf 
   text	   data	    bss	    dec	    hex	filename
   6400	     44	   1572	   8016	   1f50	Practica_1.elf
Finished building: default.size.stdout
 
01:09:40 **** Incremental Build of configuration Debug for project Ej0_blinky ****
make -j2 all 
arm-none-eabi-size   Ej0_blinky.elf 
   text	   data	    bss	    dec	    hex	filename
   6228	     32	   1568	   7828	   1e94	Ej0_blinky.elf
Finished building: default.size.stdout
 
01:09:41 **** Incremental Build of configuration Debug for project Ej1_pushButton ****
make -j2 all 
arm-none-eabi-size   Ej1_pushButton.elf 
   text	   data	    bss	    dec	    hex	filename
   6556	     36	   1572	   8164	   1fe4	Ej1_pushButton.elf
Finished building: default.size.stdout
 
01:09:42 **** Incremental Build of configuration Debug for project Ejercicio_delayNB_1 ****
make -j2 all 
arm-none-eabi-size   Ejercicio_delayNB_1.elf 
   text	   data	    bss	    dec	    hex	filename
   6316	     32	   1568	   7916	   1eec	Ejercicio_delayNB_1.elf
Finished building: default.size.stdout
 
01:09:43 **** Incremental Build of configuration Debug for project Practica_0 ****
make -j2 all 
arm-none-eabi-size   Practica_0.elf 
   text	   data	    bss	    dec	    hex	filename
   6708	     36	   1572	   8316	   207c	Practica_0.elf
Finished building: default.size.stdout
 
01:09:44 **** Incremental Build of configuration Debug for project Practica_0_v2 ****
make -j2 all 
arm-none-eabi-gcc "../Src/main.c" -mcpu=cortex-m4 -std=gnu11 -g3 -DDEBUG -DSTM32 -DSTM32F429ZITx -DSTM32F4 -DNUCLEO_F429ZI -DUSE_HAL_DRIVER -DSTM32F429xx -c -I../Inc -I"/home/emiliano/Embebidos/PdM_workspace/Practica_0_v2/Drivers/STM32F4xx_HAL_Driver/Inc" -I"/home/emiliano/Embebidos/PdM_workspace/Practica_0_v2/Drivers/CMSIS/Include" -I"/home/emiliano/Embebidos/PdM_workspace/Practica_0_v2/Drivers/CMSIS/Device/ST/STM32F4xx/Include" -I"/home/emiliano/Embebidos/PdM_workspace/Practica_0_v2/Drivers/BSP/STM32F4xx_Nucleo_144" -I"/home/emiliano/Embebidos/PdM_workspace/Practica_0_v2/Drivers/Core/Inc" -O0 -ffunction-sections -fdata-sections -Wall -fstack-usage -MMD -MP -MF"Src/main.d" -MT"Src/main.o" --specs=nano.specs -mfpu=fpv4-sp-d16 -mfloat-abi=hard -mthumb -o "Src/main.o"
arm-none-eabi-gcc -o "Practica_0_v2.elf" @"objects.list"   -mcpu=cortex-m4 -T"/home/emiliano/Embebidos/PdM_workspace/Practica_0_v2/STM32F429ZITX_FLASH.ld" --specs=nosys.specs -Wl,-Map="Practica_0_v2.map" -Wl,--gc-sections -static --specs=nano.specs -mfpu=fpv4-sp-d16 -mfloat-abi=hard -mthumb -Wl,--start-group -lc -lm -Wl,--end-group
Finished building target: Practica_0_v2.elf
 
arm-none-eabi-size   Practica_0_v2.elf 
arm-none-eabi-objdump -h -S  Practica_0_v2.elf  > "Practica_0_v2.list"
   text	   data	    bss	    dec	    hex	filename
   6656	     40	   1576	   8272	   2050	Practica_0_v2.elf
Finished building: default.size.stdout
 
arm-none-eabi-objcopy  -O binary  Practica_0_v2.elf  "Practica_0_v2.bin"
Finished building: Practica_0_v2.bin
 
Finished building: Practica_0_v2.list
 
01:09:46 **** Incremental Build of configuration Debug for project Practica_1 ****
make -j2 all 
arm-none-eabi-size   Practica_1.elf 
   text	   data	    bss	    dec	    hex	filename
   6400	     44	   1572	   8016	   1f50	Practica_1.elf
Finished building: default.size.stdout
 
01:10:05 **** Incremental Build of configuration Debug for project Practica_0_v2 ****
make -j2 all 
arm-none-eabi-size   Practica_0_v2.elf 
   text	   data	    bss	    dec	    hex	filename
   6656	     40	   1576	   8272	   2050	Practica_0_v2.elf
Finished building: default.size.stdout
 
01:12:08 **** Incremental Build of configuration Debug for project Ej0_blinky ****
make -j2 all 
arm-none-eabi-size   Ej0_blinky.elf 
   text	   data	    bss	    dec	    hex	filename
   6228	     32	   1568	   7828	   1e94	Ej0_blinky.elf
Finished building: default.size.stdout
 
01:12:10 **** Incremental Build of configuration Debug for project Ej1_pushButton ****
make -j2 all 
arm-none-eabi-size   Ej1_pushButton.elf 
   text	   data	    bss	    dec	    hex	filename
   6556	     36	   1572	   8164	   1fe4	Ej1_pushButton.elf
Finished building: default.size.stdout
 
01:12:10 **** Incremental Build of configuration Debug for project Ejercicio_delayNB_1 ****
make -j2 all 
arm-none-eabi-size   Ejercicio_delayNB_1.elf 
   text	   data	    bss	    dec	    hex	filename
   6316	     32	   1568	   7916	   1eec	Ejercicio_delayNB_1.elf
Finished building: default.size.stdout
 
01:12:11 **** Incremental Build of configuration Debug for project Practica_0 ****
make -j2 all 
arm-none-eabi-size   Practica_0.elf 
   text	   data	    bss	    dec	    hex	filename
   6708	     36	   1572	   8316	   207c	Practica_0.elf
Finished building: default.size.stdout
 
01:12:12 **** Incremental Build of configuration Debug for project Practica_0_v2 ****
make -j2 all 
arm-none-eabi-gcc "../Src/main.c" -mcpu=cortex-m4 -std=gnu11 -g3 -DDEBUG -DSTM32 -DSTM32F429ZITx -DSTM32F4 -DNUCLEO_F429ZI -DUSE_HAL_DRIVER -DSTM32F429xx -c -I../Inc -I"/home/emiliano/Embebidos/PdM_workspace/Practica_0_v2/Drivers/STM32F4xx_HAL_Driver/Inc" -I"/home/emiliano/Embebidos/PdM_workspace/Practica_0_v2/Drivers/CMSIS/Include" -I"/home/emiliano/Embebidos/PdM_workspace/Practica_0_v2/Drivers/CMSIS/Device/ST/STM32F4xx/Include" -I"/home/emiliano/Embebidos/PdM_workspace/Practica_0_v2/Drivers/BSP/STM32F4xx_Nucleo_144" -I"/home/emiliano/Embebidos/PdM_workspace/Practica_0_v2/Drivers/Core/Inc" -O0 -ffunction-sections -fdata-sections -Wall -fstack-usage -MMD -MP -MF"Src/main.d" -MT"Src/main.o" --specs=nano.specs -mfpu=fpv4-sp-d16 -mfloat-abi=hard -mthumb -o "Src/main.o"
arm-none-eabi-gcc -o "Practica_0_v2.elf" @"objects.list"   -mcpu=cortex-m4 -T"/home/emiliano/Embebidos/PdM_workspace/Practica_0_v2/STM32F429ZITX_FLASH.ld" --specs=nosys.specs -Wl,-Map="Practica_0_v2.map" -Wl,--gc-sections -static --specs=nano.specs -mfpu=fpv4-sp-d16 -mfloat-abi=hard -mthumb -Wl,--start-group -lc -lm -Wl,--end-group
Finished building target: Practica_0_v2.elf
 
arm-none-eabi-size   Practica_0_v2.elf 
arm-none-eabi-objdump -h -S  Practica_0_v2.elf  > "Practica_0_v2.list"
   text	   data	    bss	    dec	    hex	filename
   6656	     40	   1576	   8272	   2050	Practica_0_v2.elf
Finished building: default.size.stdout
 
arm-none-eabi-objcopy  -O binary  Practica_0_v2.elf  "Practica_0_v2.bin"
Finished building: Practica_0_v2.bin
 
Finished building: Practica_0_v2.list
 
01:12:14 **** Incremental Build of configuration Debug for project Practica_1 ****
make -j2 all 
arm-none-eabi-size   Practica_1.elf 
   text	   data	    bss	    dec	    hex	filename
   6400	     44	   1572	   8016	   1f50	Practica_1.elf
Finished building: default.size.stdout
 
01:12:35 **** Incremental Build of configuration Debug for project Practica_0_v2 ****
make -j2 all 
arm-none-eabi-size   Practica_0_v2.elf 
   text	   data	    bss	    dec	    hex	filename
   6656	     40	   1576	   8272	   2050	Practica_0_v2.elf
Finished building: default.size.stdout
 
01:17:37 **** Incremental Build of configuration Debug for project Ej0_blinky ****
make -j2 all 
arm-none-eabi-size   Ej0_blinky.elf 
   text	   data	    bss	    dec	    hex	filename
   6228	     32	   1568	   7828	   1e94	Ej0_blinky.elf
Finished building: default.size.stdout
 
01:17:38 **** Incremental Build of configuration Debug for project Ej1_pushButton ****
make -j2 all 
arm-none-eabi-size   Ej1_pushButton.elf 
   text	   data	    bss	    dec	    hex	filename
   6556	     36	   1572	   8164	   1fe4	Ej1_pushButton.elf
Finished building: default.size.stdout
 
01:17:39 **** Incremental Build of configuration Debug for project Ejercicio_delayNB_1 ****
make -j2 all 
arm-none-eabi-size   Ejercicio_delayNB_1.elf 
   text	   data	    bss	    dec	    hex	filename
   6316	     32	   1568	   7916	   1eec	Ejercicio_delayNB_1.elf
Finished building: default.size.stdout
 
01:17:40 **** Incremental Build of configuration Debug for project Practica_0 ****
make -j2 all 
arm-none-eabi-size   Practica_0.elf 
   text	   data	    bss	    dec	    hex	filename
   6708	     36	   1572	   8316	   207c	Practica_0.elf
Finished building: default.size.stdout
 
01:17:41 **** Incremental Build of configuration Debug for project Practica_0_v2 ****
make -j2 all 
arm-none-eabi-size   Practica_0_v2.elf 
   text	   data	    bss	    dec	    hex	filename
   6656	     40	   1576	   8272	   2050	Practica_0_v2.elf
Finished building: default.size.stdout
 
01:17:42 **** Incremental Build of configuration Debug for project Practica_1 ****
make -j2 all 
arm-none-eabi-gcc "../Src/API_delay.c" -mcpu=cortex-m4 -std=gnu11 -g3 -DDEBUG -DSTM32 -DSTM32F429ZITx -DSTM32F4 -DNUCLEO_F429ZI -DUSE_HAL_DRIVER -DSTM32F429xx -c -I../Inc -I"/home/emiliano/Embebidos/PdM_workspace/Practica_1/Drivers/STM32F4xx_HAL_Driver/Inc" -I"/home/emiliano/Embebidos/PdM_workspace/Practica_1/Drivers/CMSIS/Include" -I"/home/emiliano/Embebidos/PdM_workspace/Practica_1/Drivers/CMSIS/Device/ST/STM32F4xx/Include" -I"/home/emiliano/Embebidos/PdM_workspace/Practica_1/Drivers/BSP/STM32F4xx_Nucleo_144" -I"/home/emiliano/Embebidos/PdM_workspace/Practica_1/Drivers/Core/Inc" -O0 -ffunction-sections -fdata-sections -Wall -fstack-usage -MMD -MP -MF"Src/API_delay.d" -MT"Src/API_delay.o" --specs=nano.specs -mfpu=fpv4-sp-d16 -mfloat-abi=hard -mthumb -o "Src/API_delay.o"
../Src/API_delay.c: In function 'delayRead':
../Src/API_delay.c:26:15: warning: implicit declaration of function 'HAL_GetTick' [-Wimplicit-function-declaration]
   26 |   if(((tick_t)HAL_GetTick()-delay->startTime)>= delay->duration){
      |               ^~~~~~~~~~~
arm-none-eabi-gcc -o "Practica_1.elf" @"objects.list"   -mcpu=cortex-m4 -T"/home/emiliano/Embebidos/PdM_workspace/Practica_1/STM32F429ZITX_FLASH.ld" --specs=nosys.specs -Wl,-Map="Practica_1.map" -Wl,--gc-sections -static --specs=nano.specs -mfpu=fpv4-sp-d16 -mfloat-abi=hard -mthumb -Wl,--start-group -lc -lm -Wl,--end-group
Finished building target: Practica_1.elf
 
arm-none-eabi-size   Practica_1.elf 
arm-none-eabi-objdump -h -S  Practica_1.elf  > "Practica_1.list"
   text	   data	    bss	    dec	    hex	filename
   6404	     44	   1572	   8020	   1f54	Practica_1.elf
Finished building: default.size.stdout
 
arm-none-eabi-objcopy  -O binary  Practica_1.elf  "Practica_1.bin"
Finished building: Practica_1.bin
 
Finished building: Practica_1.list
 
01:18:20 **** Incremental Build of configuration Debug for project Practica_1 ****
make -j2 all 
arm-none-eabi-size   Practica_1.elf 
   text	   data	    bss	    dec	    hex	filename
   6404	     44	   1572	   8020	   1f54	Practica_1.elf
Finished building: default.size.stdout
 
