21:38:31 **** Incremental Build of configuration Debug for project Practica_0 ****
make -j2 all 
arm-none-eabi-size   Practica_0.elf 
   text	   data	    bss	    dec	    hex	filename
   6708	     36	   1572	   8316	   207c	Practica_0.elf
Finished building: default.size.stdout
 
21:38:47 **** Incremental Build of configuration Debug for project Practica_0 ****
make -j2 all 
arm-none-eabi-size   Practica_0.elf 
   text	   data	    bss	    dec	    hex	filename
   6708	     36	   1572	   8316	   207c	Practica_0.elf
Finished building: default.size.stdout
 
21:47:31 **** Incremental Build of configuration Debug for project Ej0_blinky ****
make -j2 all 
arm-none-eabi-size   Ej0_blinky.elf 
   text	   data	    bss	    dec	    hex	filename
   6228	     32	   1568	   7828	   1e94	Ej0_blinky.elf
Finished building: default.size.stdout
 
21:47:33 **** Incremental Build of configuration Debug for project Ej1_pushButton ****
make -j2 all 
arm-none-eabi-size   Ej1_pushButton.elf 
   text	   data	    bss	    dec	    hex	filename
   6556	     36	   1572	   8164	   1fe4	Ej1_pushButton.elf
Finished building: default.size.stdout
 
21:47:34 **** Incremental Build of configuration Debug for project Ejercicio_delayNB_1 ****
make -j2 all 
arm-none-eabi-size   Ejercicio_delayNB_1.elf 
   text	   data	    bss	    dec	    hex	filename
   6316	     32	   1568	   7916	   1eec	Ejercicio_delayNB_1.elf
Finished building: default.size.stdout
 
21:47:35 **** Incremental Build of configuration Debug for project Practica_0 ****
make -j2 all 
arm-none-eabi-gcc "../Src/main.c" -mcpu=cortex-m4 -std=gnu11 -g3 -DDEBUG -DSTM32 -DSTM32F429ZITx -DSTM32F4 -DNUCLEO_F429ZI -DUSE_HAL_DRIVER -DSTM32F429xx -c -I../Inc -I"/home/emiliano/Embebidos/PdM_workspace/Practica_0/Drivers/STM32F4xx_HAL_Driver/Inc" -I"/home/emiliano/Embebidos/PdM_workspace/Practica_0/Drivers/CMSIS/Include" -I"/home/emiliano/Embebidos/PdM_workspace/Practica_0/Drivers/CMSIS/Device/ST/STM32F4xx/Include" -I"/home/emiliano/Embebidos/PdM_workspace/Practica_0/Drivers/BSP/STM32F4xx_Nucleo_144" -I"/home/emiliano/Embebidos/PdM_workspace/Practica_0/Drivers/Core/Inc" -O0 -ffunction-sections -fdata-sections -Wall -fstack-usage -MMD -MP -MF"Src/main.d" -MT"Src/main.o" --specs=nano.specs -mfpu=fpv4-sp-d16 -mfloat-abi=hard -mthumb -o "Src/main.o"
arm-none-eabi-gcc -o "Practica_0.elf" @"objects.list"   -mcpu=cortex-m4 -T"/home/emiliano/Embebidos/PdM_workspace/Practica_0/STM32F429ZITX_FLASH.ld" --specs=nosys.specs -Wl,-Map="Practica_0.map" -Wl,--gc-sections -static --specs=nano.specs -mfpu=fpv4-sp-d16 -mfloat-abi=hard -mthumb -Wl,--start-group -lc -lm -Wl,--end-group
Finished building target: Practica_0.elf
 
arm-none-eabi-size   Practica_0.elf 
arm-none-eabi-objdump -h -S  Practica_0.elf  > "Practica_0.list"
   text	   data	    bss	    dec	    hex	filename
   6708	     36	   1572	   8316	   207c	Practica_0.elf
Finished building: default.size.stdout
 
arm-none-eabi-objcopy  -O binary  Practica_0.elf  "Practica_0.bin"
Finished building: Practica_0.bin
 
Finished building: Practica_0.list
 
21:49:04 **** Incremental Build of configuration Debug for project Practica_0 ****
make -j2 all 
arm-none-eabi-size   Practica_0.elf 
   text	   data	    bss	    dec	    hex	filename
   6708	     36	   1572	   8316	   207c	Practica_0.elf
Finished building: default.size.stdout
 
